[    0.000000] Initializing cgroup subsys cpuset
[    0.000000] Initializing cgroup subsys cpu
[    0.000000] Initializing cgroup subsys cpuacct
[    0.000000] Linux version 4.4.0-166-generic (buildd@lcy01-amd64-020) (gcc version 5.4.0 20160609 (Ubuntu 5.4.0-6ubuntu1~16.04.10) ) #195-Ubuntu SMP Tue Oct 1 09:35:25 UTC 2019 (Ubuntu 4.4.0-166.195-generic 4.4.194)
[    0.000000] Command line: BOOT_IMAGE=/boot/vmlinuz-4.4.0-166-generic root=UUID=605fab45-7f91-4753-a396-5bb378b9d4cb ro console=tty1 console=ttyS0
[    0.000000] KERNEL supported cpus:
[    0.000000]   Intel GenuineIntel
[    0.000000]   AMD AuthenticAMD
[    0.000000]   Centaur CentaurHauls
[    0.000000] x86/fpu: xstate_offset[2]:  576, xstate_sizes[2]:  256
[    0.000000] x86/fpu: Supporting XSAVE feature 0x01: 'x87 floating point registers'
[    0.000000] x86/fpu: Supporting XSAVE feature 0x02: 'SSE registers'
[    0.000000] x86/fpu: Supporting XSAVE feature 0x04: 'AVX registers'
[    0.000000] x86/fpu: Enabled xstate features 0x7, context size is 832 bytes, using 'standard' format.
[    0.000000] e820: BIOS-provided physical RAM map:
[    0.000000] BIOS-e820: [mem 0x0000000000000000-0x000000000009fbff] usable
[    0.000000] BIOS-e820: [mem 0x000000000009fc00-0x000000000009ffff] reserved
[    0.000000] BIOS-e820: [mem 0x00000000000f0000-0x00000000000fffff] reserved
[    0.000000] BIOS-e820: [mem 0x0000000000100000-0x00000000dffeffff] usable
[    0.000000] BIOS-e820: [mem 0x00000000dfff0000-0x00000000dfffffff] ACPI data
[    0.000000] BIOS-e820: [mem 0x00000000fec00000-0x00000000fec00fff] reserved
[    0.000000] BIOS-e820: [mem 0x00000000fee00000-0x00000000fee00fff] reserved
[    0.000000] BIOS-e820: [mem 0x00000000fffc0000-0x00000000ffffffff] reserved
[    0.000000] BIOS-e820: [mem 0x0000000100000000-0x000000019fffffff] usable
[    0.000000] NX (Execute Disable) protection: active
[    0.000000] SMBIOS 2.5 present.
[    0.000000] Hypervisor detected: KVM
[    0.000000] e820: last_pfn = 0x1a0000 max_arch_pfn = 0x400000000
[    0.000000] MTRR: Disabled
[    0.000000] x86/PAT: MTRRs disabled, skipping PAT initialization too.
[    0.000000] CPU MTRRs all blank - virtualized system.
[    0.000000] x86/PAT: Configuration [0-7]: WB  WT  UC- UC  WB  WT  UC- UC  
[    0.000000] e820: last_pfn = 0xdfff0 max_arch_pfn = 0x400000000
[    0.000000] found SMP MP-table at [mem 0x0009fff0-0x0009ffff] mapped at [ffff88000009fff0]
[    0.000000] Scanning 1 areas for low memory corruption
[    0.000000] RAMDISK: [mem 0x361e0000-0x370e7fff]
[    0.000000] ACPI: Early table checksum verification disabled
[    0.000000] ACPI: RSDP 0x00000000000E0000 000024 (v02 VBOX  )
[    0.000000] ACPI: XSDT 0x00000000DFFF0030 00003C (v01 VBOX   VBOXXSDT 00000001 ASL  00000061)
[    0.000000] ACPI: FACP 0x00000000DFFF00F0 0000F4 (v04 VBOX   VBOXFACP 00000001 ASL  00000061)
[    0.000000] ACPI: DSDT 0x00000000DFFF0470 0022EA (v02 VBOX   VBOXBIOS 00000002 INTL 20100528)
[    0.000000] ACPI: FACS 0x00000000DFFF0200 000040
[    0.000000] ACPI: FACS 0x00000000DFFF0200 000040
[    0.000000] ACPI: APIC 0x00000000DFFF0240 00005C (v02 VBOX   VBOXAPIC 00000001 ASL  00000061)
[    0.000000] ACPI: SSDT 0x00000000DFFF02A0 0001CC (v01 VBOX   VBOXCPUT 00000002 INTL 20100528)
[    0.000000] No NUMA configuration found
[    0.000000] Faking a node at [mem 0x0000000000000000-0x000000019fffffff]
[    0.000000] NODE_DATA(0) allocated [mem 0x19fff7000-0x19fffbfff]
[    0.000000] kvm-clock: Using msrs 4b564d01 and 4b564d00
[    0.000000] kvm-clock: cpu 0, msr 1:9ffef001, primary cpu clock
[    0.000000] kvm-clock: using sched offset of 3259020036 cycles
[    0.000000] clocksource: kvm-clock: mask: 0xffffffffffffffff max_cycles: 0x1cd42e4dffb, max_idle_ns: 881590591483 ns
[    0.000000] Zone ranges:
[    0.000000]   DMA      [mem 0x0000000000001000-0x0000000000ffffff]
[    0.000000]   DMA32    [mem 0x0000000001000000-0x00000000ffffffff]
[    0.000000]   Normal   [mem 0x0000000100000000-0x000000019fffffff]
[    0.000000]   Device   empty
[    0.000000] Movable zone start for each node
[    0.000000] Early memory node ranges
[    0.000000]   node   0: [mem 0x0000000000001000-0x000000000009efff]
[    0.000000]   node   0: [mem 0x0000000000100000-0x00000000dffeffff]
[    0.000000]   node   0: [mem 0x0000000100000000-0x000000019fffffff]
[    0.000000] Initmem setup node 0 [mem 0x0000000000001000-0x000000019fffffff]
[    0.000000] ACPI: PM-Timer IO Port: 0x4008
[    0.000000] IOAPIC[0]: apic_id 2, version 32, address 0xfec00000, GSI 0-23
[    0.000000] ACPI: INT_SRC_OVR (bus 0 bus_irq 0 global_irq 2 dfl dfl)
[    0.000000] ACPI: INT_SRC_OVR (bus 0 bus_irq 9 global_irq 9 low level)
[    0.000000] Using ACPI (MADT) for SMP configuration information
[    0.000000] smpboot: Allowing 2 CPUs, 0 hotplug CPUs
[    0.000000] PM: Registered nosave memory: [mem 0x00000000-0x00000fff]
[    0.000000] PM: Registered nosave memory: [mem 0x0009f000-0x0009ffff]
[    0.000000] PM: Registered nosave memory: [mem 0x000a0000-0x000effff]
[    0.000000] PM: Registered nosave memory: [mem 0x000f0000-0x000fffff]
[    0.000000] PM: Registered nosave memory: [mem 0xdfff0000-0xdfffffff]
[    0.000000] PM: Registered nosave memory: [mem 0xe0000000-0xfebfffff]
[    0.000000] PM: Registered nosave memory: [mem 0xfec00000-0xfec00fff]
[    0.000000] PM: Registered nosave memory: [mem 0xfec01000-0xfedfffff]
[    0.000000] PM: Registered nosave memory: [mem 0xfee00000-0xfee00fff]
[    0.000000] PM: Registered nosave memory: [mem 0xfee01000-0xfffbffff]
[    0.000000] PM: Registered nosave memory: [mem 0xfffc0000-0xffffffff]
[    0.000000] e820: [mem 0xe0000000-0xfebfffff] available for PCI devices
[    0.000000] Booting paravirtualized kernel on KVM
[    0.000000] clocksource: refined-jiffies: mask: 0xffffffff max_cycles: 0xffffffff, max_idle_ns: 7645519600211568 ns
[    0.000000] setup_percpu: NR_CPUS:512 nr_cpumask_bits:512 nr_cpu_ids:2 nr_node_ids:1
[    0.000000] PERCPU: Embedded 34 pages/cpu @ffff88019fc00000 s99544 r8192 d31528 u1048576
[    0.000000] Built 1 zonelists in Node order, mobility grouping on.  Total pages: 1548152
[    0.000000] Policy zone: Normal
[    0.000000] Kernel command line: BOOT_IMAGE=/boot/vmlinuz-4.4.0-166-generic root=UUID=605fab45-7f91-4753-a396-5bb378b9d4cb ro console=tty1 console=ttyS0
[    0.000000] PID hash table entries: 4096 (order: 3, 32768 bytes)
[    0.000000] Memory: 6092052K/6291000K available (8623K kernel code, 1336K rwdata, 4036K rodata, 1488K init, 1288K bss, 198948K reserved, 0K cma-reserved)
[    0.000000] SLUB: HWalign=64, Order=0-3, MinObjects=0, CPUs=2, Nodes=1
[    0.000000] Kernel/User page tables isolation: enabled
[    0.000000] Hierarchical RCU implementation.
[    0.000000] 	Build-time adjustment of leaf fanout to 64.
[    0.000000] 	RCU restricting CPUs from NR_CPUS=512 to nr_cpu_ids=2.
[    0.000000] RCU: Adjusting geometry for rcu_fanout_leaf=64, nr_cpu_ids=2
[    0.000000] NR_IRQS:33024 nr_irqs:440 16
[    0.000000] Console: colour VGA+ 80x25
[    0.000000] console [tty1] enabled
[    0.000000] console [ttyS0] enabled
[    0.000000] tsc: Detected 1991.999 MHz processor
[    0.282450] Calibrating delay loop (skipped) preset value.. 3983.99 BogoMIPS (lpj=7967996)
[    0.284486] pid_max: default: 32768 minimum: 301
[    0.285560] ACPI: Core revision 20150930
[    0.287947] ACPI: 2 ACPI AML tables successfully acquired and loaded
[    0.289546] Security Framework initialized
[    0.290809] Yama: becoming mindful.
[    0.291704] AppArmor: AppArmor initialized
[    0.294911] Dentry cache hash table entries: 1048576 (order: 11, 8388608 bytes)
[    0.304294] Inode-cache hash table entries: 524288 (order: 10, 4194304 bytes)
[    0.308028] Mount-cache hash table entries: 16384 (order: 5, 131072 bytes)
[    0.309482] Mountpoint-cache hash table entries: 16384 (order: 5, 131072 bytes)
[    0.313129] Initializing cgroup subsys io
[    0.314206] Initializing cgroup subsys memory
[    0.315214] Initializing cgroup subsys devices
[    0.316275] Initializing cgroup subsys freezer
[    0.317338] Initializing cgroup subsys net_cls
[    0.318507] Initializing cgroup subsys perf_event
[    0.319586] Initializing cgroup subsys net_prio
[    0.320632] Initializing cgroup subsys hugetlb
[    0.321641] Initializing cgroup subsys pids
[    0.324322] mce: CPU supports 0 MCE banks
[    0.325346] Last level iTLB entries: 4KB 64, 2MB 8, 4MB 8
[    0.326607] Last level dTLB entries: 4KB 64, 2MB 0, 4MB 0, 1GB 4
[    0.327810] Spectre V1 : Mitigation: usercopy/swapgs barriers and __user pointer sanitization
[    0.329770] Spectre V2 : Mitigation: Full generic retpoline
[    0.331087] Spectre V2 : Spectre v2 / SpectreRSB mitigation: Filling RSB on context switch
[    0.332875] Speculative Store Bypass: Vulnerable
[    0.334077] MDS: Vulnerable: Clear CPU buffers attempted, no microcode
[    0.338022] Freeing SMP alternatives memory: 36K
[    0.344873] ftrace: allocating 32296 entries in 127 pages
[    0.401684] smpboot: APIC(0) Converting physical 0 to logical package 0
[    0.403279] smpboot: Max logical packages: 1
[    0.404548] x2apic enabled
[    0.405533] Switched APIC routing to physical x2apic.
[    0.407925] ..TIMER: vector=0x30 apic1=0 pin1=2 apic2=-1 pin2=-1
[    0.517361] smpboot: CPU0: Intel(R) Core(TM) i7-8550U CPU @ 1.80GHz (family: 0x6, model: 0x8e, stepping: 0xa)
[    0.519803] Performance Events: unsupported p6 CPU model 142 no PMU driver, software events only.
[    0.530475] KVM setup paravirtual spinlock
[    0.531993] x86: Booting SMP configuration:
[    0.532921] .... node  #0, CPUs:      #1
[    0.534109] kvm-clock: cpu 1, msr 1:9ffef041, secondary cpu clock
[    0.536716] mce: CPU supports 0 MCE banks
[    0.539264] x86: Booted up 1 node, 2 CPUs
[    0.540367] smpboot: Total of 2 processors activated (7967.99 BogoMIPS)
[    0.542200] devtmpfs: initialized
[    0.544698] evm: security.selinux
[    0.545633] evm: security.SMACK64
[    0.546466] evm: security.SMACK64EXEC
[    0.547326] evm: security.SMACK64TRANSMUTE
[    0.548319] evm: security.SMACK64MMAP
[    0.549221] evm: security.ima
[    0.550017] evm: security.capability
[    0.551272] clocksource: jiffies: mask: 0xffffffff max_cycles: 0xffffffff, max_idle_ns: 7645041785100000 ns
[    0.553433] futex hash table entries: 512 (order: 3, 32768 bytes)
[    0.555097] pinctrl core: initialized pinctrl subsystem
[    0.556253] RTC time: 23:02:12, date: 10/25/19
[    0.557568] NET: Registered protocol family 16
[    0.569950] cpuidle: using governor ladder
[    0.583041] cpuidle: using governor menu
[    0.584112] PCCT header not found.
[    0.585105] ACPI: bus type PCI registered
[    0.586207] acpiphp: ACPI Hot Plug PCI Controller Driver version: 0.5
[    0.587676] PCI: Using configuration type 1 for base access
[    0.603603] ACPI: Added _OSI(Module Device)
[    0.604573] ACPI: Added _OSI(Processor Device)
[    0.605732] ACPI: Added _OSI(3.0 _SCP Extensions)
[    0.606760] ACPI: Added _OSI(Processor Aggregator Device)
[    0.608708] ACPI: Executed 1 blocks of module-level executable AML code
[    0.612326] ACPI: Interpreter enabled
[    0.613292] ACPI: (supports S0 S5)
[    0.614141] ACPI: Using IOAPIC for interrupt routing
[    0.615534] PCI: Using host bridge windows from ACPI; if necessary, use "pci=nocrs" and report a bug
[    0.620709] ACPI: PCI Root Bridge [PCI0] (domain 0000 [bus 00-ff])
[    0.622251] acpi PNP0A03:00: _OSC: OS supports [ASPM ClockPM Segments MSI]
[    0.624258] acpi PNP0A03:00: _OSC: not requesting OS control; OS requires [ExtendedConfig ASPM ClockPM MSI]
[    0.626306] acpi PNP0A03:00: fail to add MMCONFIG information, can't access extended PCI configuration space under this bridge.
[    0.640705] PCI host bridge to bus 0000:00
[    0.641656] pci_bus 0000:00: root bus resource [io  0x0000-0x0cf7 window]
[    0.643008] pci_bus 0000:00: root bus resource [io  0x0d00-0xffff window]
[    0.644528] pci_bus 0000:00: root bus resource [mem 0x000a0000-0x000bffff window]
[    0.646432] pci_bus 0000:00: root bus resource [mem 0xe0000000-0xfdffffff window]
[    0.648166] pci_bus 0000:00: root bus resource [bus 00-ff]
[    0.651044] pci 0000:00:01.1: legacy IDE quirk: reg 0x10: [io  0x01f0-0x01f7]
[    0.652570] pci 0000:00:01.1: legacy IDE quirk: reg 0x14: [io  0x03f6]
[    0.653918] pci 0000:00:01.1: legacy IDE quirk: reg 0x18: [io  0x0170-0x0177]
[    0.655447] pci 0000:00:01.1: legacy IDE quirk: reg 0x1c: [io  0x0376]
[    0.702235] pci 0000:00:07.0: quirk: [io  0x4000-0x403f] claimed by PIIX4 ACPI
[    0.703870] pci 0000:00:07.0: quirk: [io  0x4100-0x410f] claimed by PIIX4 SMB
[    0.720667] ACPI: PCI Interrupt Link [LNKA] (IRQs 5 9 10 *11)
[    0.722794] ACPI: PCI Interrupt Link [LNKB] (IRQs 5 9 *10 11)
[    0.724643] ACPI: PCI Interrupt Link [LNKC] (IRQs 5 *9 10 11)
[    0.726645] ACPI: PCI Interrupt Link [LNKD] (IRQs 5 9 10 *11)
[    0.728452] ACPI: Enabled 2 GPEs in block 00 to 07
[    0.730014] vgaarb: setting as boot device: PCI:0000:00:02.0
[    0.731466] vgaarb: device added: PCI:0000:00:02.0,decodes=io+mem,owns=io+mem,locks=none
[    0.733309] vgaarb: loaded
[    0.734049] vgaarb: bridge control possible 0000:00:02.0
[    0.735406] SCSI subsystem initialized
[    0.736405] ACPI: bus type USB registered
[    0.737326] usbcore: registered new interface driver usbfs
[    0.738594] usbcore: registered new interface driver hub
[    0.739753] usbcore: registered new device driver usb
[    0.741138] PCI: Using ACPI for IRQ routing
[    0.742511] NetLabel: Initializing
[    0.743347] NetLabel:  domain hash size = 128
[    0.744405] NetLabel:  protocols = UNLABELED CIPSOv4
[    0.745542] NetLabel:  unlabeled traffic allowed by default
[    0.747152] amd_nb: Cannot enumerate AMD northbridges
[    0.748261] clocksource: Switched to clocksource kvm-clock
[    0.758408] AppArmor: AppArmor Filesystem Enabled
[    0.759642] pnp: PnP ACPI init
[    0.761341] pnp: PnP ACPI: found 3 devices
[    0.772038] clocksource: acpi_pm: mask: 0xffffff max_cycles: 0xffffff, max_idle_ns: 2085701024 ns
[    0.774303] NET: Registered protocol family 2
[    0.775489] TCP established hash table entries: 65536 (order: 7, 524288 bytes)
[    0.779105] TCP bind hash table entries: 65536 (order: 8, 1048576 bytes)
[    0.780826] TCP: Hash tables configured (established 65536 bind 65536)
[    0.782324] UDP hash table entries: 4096 (order: 5, 131072 bytes)
[    0.783619] UDP-Lite hash table entries: 4096 (order: 5, 131072 bytes)
[    0.785116] NET: Registered protocol family 1
[    0.786094] pci 0000:00:00.0: Limiting direct PCI/PCI transfers
[    0.787348] pci 0000:00:01.0: Activating ISA DMA hang workarounds
[    0.788795] Unpacking initramfs...
[    0.998410] Freeing initrd memory: 15392K
[    0.999425] PCI-DMA: Using software bounce buffering for IO (SWIOTLB)
[    1.000981] software IO TLB: mapped [mem 0xdbff0000-0xdfff0000] (64MB)
[    1.002444] clocksource: tsc: mask: 0xffffffffffffffff max_cycles: 0x396d4ffc055, max_idle_ns: 881590662783 ns
[    1.004548] platform rtc_cmos: registered platform RTC device (no PNP device found)
[    1.006316] Scanning for low memory corruption every 60 seconds
[    1.007899] audit: initializing netlink subsys (disabled)
[    1.009178] audit: type=2000 audit(1572044537.845:1): initialized
[    1.010675] Initialise system trusted keyring
[    1.011863] HugeTLB registered 2 MB page size, pre-allocated 0 pages
[    1.014309] zbud: loaded
[    1.015367] VFS: Disk quotas dquot_6.6.0
[    1.016332] VFS: Dquot-cache hash table entries: 512 (order 0, 4096 bytes)
[    1.018171] squashfs: version 4.0 (2009/01/31) Phillip Lougher
[    1.021757] fuse init (API version 7.23)
[    1.022931] Key type big_key registered
[    1.023845] Allocating IMA MOK and blacklist keyrings.
[    1.026808] Key type asymmetric registered
[    1.027727] Asymmetric key parser 'x509' registered
[    1.028913] Block layer SCSI generic (bsg) driver version 0.4 loaded (major 249)
[    1.030682] io scheduler noop registered
[    1.031651] io scheduler deadline registered (default)
[    1.032859] io scheduler cfq registered
[    1.033853] pci_hotplug: PCI Hot Plug PCI Core version: 0.5
[    1.035042] pciehp: PCI Express Hot Plug Controller Driver version: 0.4
[    1.036371] ACPI: AC Adapter [AC] (off-line)
[    1.037399] input: Power Button as /devices/LNXSYSTM:00/LNXPWRBN:00/input/input0
[    1.039132] ACPI: Power Button [PWRF]
[    1.040043] input: Sleep Button as /devices/LNXSYSTM:00/LNXSLPBN:00/input/input1
[    1.041876] ACPI: Sleep Button [SLPF]
[    1.042875] GHES: HEST is not enabled!
[    1.043493] ACPI: Battery Slot [BAT0] (battery present)
[    1.045132] Serial: 8250/16550 driver, 32 ports, IRQ sharing enabled
[    1.066945] 00:02: ttyS0 at I/O 0x3f8 (irq = 4, base_baud = 115200) is a 16550A
[    1.071488] Linux agpgart interface v0.103
[    1.074077] loop: module loaded
[    1.075638] scsi host0: ata_piix
[    1.076938] scsi host1: ata_piix
[    1.078177] ata1: PATA max UDMA/33 cmd 0x1f0 ctl 0x3f6 bmdma 0xd000 irq 14
[    1.079702] ata2: PATA max UDMA/33 cmd 0x170 ctl 0x376 bmdma 0xd008 irq 15
[    1.081129] libphy: Fixed MDIO Bus: probed
[    1.082083] tun: Universal TUN/TAP device driver, 1.6
[    1.083109] tun: (C) 1999-2004 Max Krasnyansky <maxk@qualcomm.com>
[    1.084407] PPP generic driver version 2.4.2
[    1.085420] ehci_hcd: USB 2.0 'Enhanced' Host Controller (EHCI) Driver
[    1.086674] ehci-pci: EHCI PCI platform driver
[    1.087665] ehci-platform: EHCI generic platform driver
[    1.088806] ohci_hcd: USB 1.1 'Open' Host Controller (OHCI) Driver
[    1.090046] ohci-pci: OHCI PCI platform driver
[    1.091023] ohci-platform: OHCI generic platform driver
[    1.092110] uhci_hcd: USB Universal Host Controller Interface driver
[    1.093441] i8042: PNP: PS/2 Controller [PNP0303:PS2K,PNP0f03:PS2M] at 0x60,0x64 irq 1,12
[    1.095702] serio: i8042 KBD port at 0x60,0x64 irq 1
[    1.096807] serio: i8042 AUX port at 0x60,0x64 irq 12
[    1.098226] mousedev: PS/2 mouse device common for all mice
[    1.100190] input: AT Translated Set 2 keyboard as /devices/platform/i8042/serio0/input/input2
[    1.105996] rtc_cmos rtc_cmos: rtc core: registered rtc_cmos as rtc0
[    1.107779] rtc_cmos rtc_cmos: alarms up to one day, 114 bytes nvram
[    1.109130] i2c /dev entries driver
[    1.110044] device-mapper: uevent: version 1.0.3
[    1.111332] device-mapper: ioctl: 4.34.0-ioctl (2015-10-28) initialised: dm-devel@redhat.com
[    1.113471] ledtrig-cpu: registered to indicate activity on CPUs
[    1.115450] NET: Registered protocol family 10
[    1.116692] NET: Registered protocol family 17
[    1.117724] Key type dns_resolver registered
[    1.118899] registered taskstats version 1
[    1.119894] Loading compiled-in X.509 certificates
[    1.121488] Loaded X.509 cert 'Build time autogenerated kernel key: 75bc1b51278a37d3abb49bab6b1b0161a6cc9ec0'
[    1.123618] zswap: loaded using pool lzo/zbud
[    1.126160] Key type trusted registered
[    1.129919] Key type encrypted registered
[    1.131007] AppArmor: AppArmor sha1 policy hashing enabled
[    1.132348] ima: No TPM chip found, activating TPM-bypass!
[    1.133713] ima: Allocated hash algorithm: sha1
[    1.134786] evm: HMAC attrs: 0x1
[    1.135905]   Magic number: 7:307:50
[    1.136883] platform platform-framebuffer.0: hash matches
[    1.138071] rtc_cmos rtc_cmos: setting system clock to 2019-10-25 23:02:13 UTC (1572044533)
[    1.140103] BIOS EDD facility v0.16 2004-Jun-25, 0 devices found
[    1.141462] EDD information not available.
[    1.240650] Freeing unused kernel memory: 1488K
[    1.245044] Write protecting the kernel read-only data: 14336k
[    1.251944] Freeing unused kernel memory: 1604K
[    1.255611] Freeing unused kernel memory: 60K
Loading, please wait...
starting version 229
[    1.275576] random: systemd-udevd: uninitialized urandom read (16 bytes read, 3 bits of entropy available)
[    1.276093] random: udevadm: uninitialized urandom read (16 bytes read, 3 bits of entropy available)
[    1.276110] random: udevadm: uninitialized urandom read (16 bytes read, 3 bits of entropy available)
[    1.282447] random: systemd-udevd: uninitialized urandom read (16 bytes read, 3 bits of entropy available)
[    1.283485] random: udevadm: uninitialized urandom read (16 bytes read, 3 bits of entropy available)
[    1.283521] random: udevadm: uninitialized urandom read (16 bytes read, 3 bits of entropy available)
[    1.283638] random: udevadm: uninitialized urandom read (16 bytes read, 3 bits of entropy available)
[    1.283679] random: udevadm: uninitialized urandom read (16 bytes read, 3 bits of entropy available)
[    1.283721] random: udevadm: uninitialized urandom read (16 bytes read, 3 bits of entropy available)
[    1.283763] random: udevadm: uninitialized urandom read (16 bytes read, 3 bits of entropy available)
[    1.323640] Fusion MPT base driver 3.04.20
[    1.324674] Copyright (c) 1999-2008 LSI Corporation
[    1.326927] e1000: Intel(R) PRO/1000 Network Driver - version 7.3.21-k8-NAPI
[    1.328335] e1000: Copyright (c) 1999-2006 Intel Corporation.
[    1.348158] Fusion MPT SPI Host driver 3.04.20
[    1.356297] AVX2 version of gcm_enc/dec engaged.
[    1.357733] AES CTR mode by8 optimization enabled
[    1.577797] input: ImExPS/2 Generic Explorer Mouse as /devices/platform/i8042/serio1/input/input4
[    1.721821] e1000 0000:00:03.0 eth0: (PCI:33MHz:32-bit) 02:47:ec:b6:72:35
[    1.723136] e1000 0000:00:03.0 eth0: Intel(R) PRO/1000 Network Connection
[    1.725409] mptbase: ioc0: Initiating bringup
[    1.725445] e1000 0000:00:03.0 enp0s3: renamed from eth0
[    1.964380] ioc0: LSI53C1030 A0: Capabilities={Initiator}
[    3.003055] scsi host2: ioc0: LSI53C1030 A0, FwRev=00000000h, Ports=1, MaxQ=256, IRQ=20
[    3.969403] scsi 2:0:0:0: Direct-Access     VBOX     HARDDISK         1.0  PQ: 0 ANSI: 5
[    3.971264] scsi target2:0:0: Beginning Domain Validation
[    3.975424] scsi target2:0:0: Domain Validation skipping write tests
[    3.976766] scsi target2:0:0: Ending Domain Validation
[    3.978016] scsi target2:0:0: asynchronous
[    3.980000] scsi 2:0:1:0: Direct-Access     VBOX     HARDDISK         1.0  PQ: 0 ANSI: 5
[    3.982008] scsi target2:0:1: Beginning Domain Validation
[    3.986211] scsi target2:0:1: Domain Validation skipping write tests
[    3.987471] scsi target2:0:1: Ending Domain Validation
[    3.988732] scsi target2:0:1: asynchronous
[    3.997915] sd 2:0:0:0: Attached scsi generic sg0 type 0
[    3.999282] sd 2:0:1:0: Attached scsi generic sg1 type 0
[    3.999480] sd 2:0:0:0: [sda] 268435456 512-byte logical blocks: (137 GB/128 GiB)
[    4.002498] sd 2:0:1:0: [sdb] 20480 512-byte logical blocks: (10.5 MB/10.0 MiB)
[    4.004151] sd 2:0:0:0: [sda] Write Protect is off
[    4.005716] sd 2:0:0:0: [sda] Incomplete mode parameter data
[    4.006869] sd 2:0:0:0: [sda] Assuming drive cache: write through
[    4.008139] sd 2:0:1:0: [sdb] Write Protect is off
[    4.009695] sd 2:0:1:0: [sdb] Incomplete mode parameter data
[    4.010852] sd 2:0:1:0: [sdb] Assuming drive cache: write through
[    4.016377]  sda: sda1
[    4.019107] sd 2:0:0:0: [sda] Attached SCSI disk
[    4.021008] sd 2:0:1:0: [sdb] Attached SCSI disk
Begin: Loading essential drivers ... [    5.473718] md: linear personality registered for level -1
[    5.476982] md: multipath personality registered for level -4
[    5.480479] md: raid0 personality registered for level 0
[    5.484810] md: raid1 personality registered for level 1
[    5.556374] raid6: sse2x1   gen() 13355 MB/s
[    5.624365] raid6: sse2x1   xor() 10036 MB/s
[    5.692633] raid6: sse2x2   gen() 16415 MB/s
[    5.760375] raid6: sse2x2   xor() 11124 MB/s
[    5.828323] raid6: sse2x4   gen() 18854 MB/s
[    5.896565] raid6: sse2x4   xor() 12469 MB/s
[    5.964384] raid6: avx2x1   gen() 26289 MB/s
[    6.032309] raid6: avx2x2   gen() 29118 MB/s
[    6.100540] raid6: avx2x4   gen() 33626 MB/s
[    6.101514] raid6: using algorithm avx2x4 gen() 33626 MB/s
[    6.102616] raid6: using avx2x2 recovery algorithm
[    6.105108] xor: automatically using best checksumming function:
[    6.144863]    avx       : 26298.000 MB/sec
[    6.147210] async_tx: api initialized (async)
[    6.157423] md: raid6 personality registered for level 6
[    6.158627] md: raid5 personality registered for level 5
[    6.159851] md: raid4 personality registered for level 4
[    6.167089] md: raid10 personality registered for level 10
done.
Begin: Running /scripts/init-premount ... done.
Begin: Mounting root file system ... Begin: Running /scripts/local-top ... done.
Begin: Running /scripts/local-premount ... [    6.198239] Btrfs loaded
Scanning for Btrfs filesystems
done.
Warning: fsck not present, so skipping root file system
[    6.234895] EXT4-fs (sda1): mounted filesystem with ordered data mode. Opts: (null)
done.
Begin: Running /scripts/local-bottom ... done.
Begin: Running /scripts/init-bottom ... done.
[    6.326519] systemd[1]: systemd 229 running in system mode. (+PAM +AUDIT +SELINUX +IMA +APPARMOR +SMACK +SYSVINIT +UTMP +LIBCRYPTSETUP +GCRYPT +GNUTLS +ACL +XZ -LZ4 +SECCOMP +BLKID +ELFUTILS +KMOD -IDN)
[    6.330145] systemd[1]: Detected virtualization oracle.
[    6.331218] systemd[1]: Detected architecture x86-64.

Welcome to [1mUbuntu 16.04.6 LTS[0m!

[    6.334044] systemd[1]: Set hostname to <ubuntu-xenial>.
[    6.467029] systemd[1]: Started Forward Password Requests to Wall Directory Watch.
[[0;32m  OK  [0m] Started Forward Password Requests to Wall Directory Watch.
[    6.469737] systemd[1]: Listening on Journal Audit Socket.
[[0;32m  OK  [0m] Listening on Journal Audit Socket.
[    6.477008] systemd[1]: Listening on Syslog Socket.
[[0;32m  OK  [0m] Listening on Syslog Socket.
[    6.479315] systemd[1]: Reached target Swap.
[[0;32m  OK  [0m] Reached target Swap.
[    6.488450] systemd[1]: Reached target System Time Synchronized.
[[0;32m  OK  [0m] Reached target System Time Synchronized.
[    6.490845] systemd[1]: Created slice System Slice.
[[0;32m  OK  [0m] Created slice System Slice.
[    6.501104] systemd[1]: Reached target Encrypted Volumes.
[[0;32m  OK  [0m] Reached target Encrypted Volumes.
[    6.503438] systemd[1]: Set up automount Arbitrary Executable File Formats File System Automount Point.
[[0;32m  OK  [0m] Set up automount Arbitrary Executab...ats File System Automount Point.
[    6.512860] systemd[1]: Listening on Journal Socket (/dev/log).
[[0;32m  OK  [0m] Listening on Journal Socket (/dev/log).
[    6.514838] systemd[1]: Listening on LVM2 metadata daemon socket.
[[0;32m  OK  [0m] Listening on LVM2 metadata daemon socket.
[    6.524996] systemd[1]: Started Trigger resolvconf update for networkd DNS.
[[0;32m  OK  [0m] Started Trigger resolvconf update for networkd DNS.
[    6.527714] systemd[1]: Created slice system-serial\x2dgetty.slice.
[[0;32m  OK  [0m] Created slice system-serial\x2dgetty.slice.
[    6.529973] systemd[1]: Reached target User and Group Name Lookups.
[[0;32m  OK  [0m] Reached target User and Group Name Lookups.
[    6.536834] systemd[1]: Listening on udev Control Socket.
[[0;32m  OK  [0m] Listening on udev Control Socket.
[    6.539207] systemd[1]: Created slice User and Session Slice.
[[0;32m  OK  [0m] Created slice User and Session Slice.
[    6.541565] systemd[1]: Reached target Slices.
[[0;32m  OK  [0m] Reached target Slices.
[    6.543330] systemd[1]: Listening on /dev/initctl Compatibility Named Pipe.
[[0;32m  OK  [0m] Listening on /dev/initctl Compatibility Named Pipe.
[    6.545861] systemd[1]: Listening on Journal Socket.
[[0;32m  OK  [0m] Listening on Journal Socket.
[    6.564703] systemd[1]: Mounting Huge Pages File System...
         Mounting Huge Pages File System...
[    6.575195] systemd[1]: Mounting POSIX Message Queue File System...
         Mounting POSIX Message Queue File System...
[    6.578243] systemd[1]: Starting Remount Root and Kernel File Systems...
         Starting Remount Root and Kernel File Systems...
[    6.581938] EXT4-fs (sda1): re-mounted. Opts: (null)
[    6.601046] systemd[1]: Starting Create list of required static device nodes for the current kernel...
         Starting Create list of required st... nodes for the current kernel...
[    6.609393] systemd[1]: Starting Set console keymap...
         Starting Set console keymap...
[    6.613637] systemd[1]: Starting Load Kernel Modules...
         Starting Load Kernel Modules...
[    6.622135] systemd[1]: Starting Uncomplicated firewall...
         Starting Uncomplicated firewall...
[    6.624361] systemd[1]: Mounting Debug File System...
         Mounting Debug File System...
[    6.632155] Loading iSCSI transport class v2.0-870.
[    6.633965] systemd[1]: Starting Nameserver information manager...
         Starting Nameserver information manager...
[    6.640720] systemd[1]: Listening on LVM2 poll daemon socket.
[[0;32m  OK  [0m] Listening on LVM2 poll daemon socket.
[    6.642952] iscsi: registered transport (tcp)
[    6.644180] systemd[1]: Listening on Device-mapper event daemon FIFOs.
[[0;32m  OK  [0m] Listening on Device-mapper event daemon FIFOs.
[    6.652884] systemd[1]: Starting Monitoring of LVM2 mirrors, snapshots etc. using dmeventd or progress polling...
         Starting Monitoring of LVM2 mirrors... dmeventd or progress polling...
[    6.656992] systemd[1]: Starting Journal Service...
         Starting Journal Service...
[    6.664854] systemd[1]: Listening on udev Kernel Socket.
[[0;32m  OK  [0m] Listening on udev Kernel Socket.
[    6.668266] systemd[1]: Mounted Huge Pages File System.
[[0;32m  OK  [0m] Mounted Huge Pages File System.
[    6.672615] systemd[1]: Mounted Debug File System.
[[0;32m  OK  [0m] Mounted Debug File System.
[    6.680621] systemd[1]: Mounted POSIX Message Queue File System.
[[0;32m  OK  [0m] Mounted POSIX Message Queue File System.
[    6.688484] systemd[1]: Started Journal Service.
[[0;32m  OK  [0m] Started Journal Service.
[    6.690361] iscsi: registered transport (iser)
[[0;32m  OK  [0m] Started Remount Root and Kernel File Systems.
[[0;32m  OK  [0m] Started Create list of required sta...ce nodes for the current kernel.
[[0;32m  OK  [0m] Started Load Kernel Modules.
[[0;32m  OK  [0m] Started Set console keymap.
[[0;32m  OK  [0m] Started Uncomplicated firewall.
[[0;32m  OK  [0m] Started Nameserver information manager.
[[0;32m  OK  [0m] Started LVM2 metadata daemon.
         Mounting FUSE Control File System...
         Starting Apply Kernel Variables...
         Starting Create Static Device Nodes in /dev...
         Starting Load/Save Random Seed...
         Starting udev Coldplug all Devices...
         Starting Flush Journal to Persistent Storage...
[[0;32m  OK  [0m] Mounted FUSE Control File System.
[[0;32m  OK  [0m] Started Load/Save Random Seed.
[[0;32m  OK  [0m] Started Apply Kernel Variables.
[[0;32m  OK  [0m] Started Create Static Device Nodes in /dev.
[[0;32m  OK  [0m] Started udev Coldplug all Devices.
[[0;32m  OK  [0m] Started Flush Journal to Persistent Storage.
         Starting udev Kernel Device Manager...
[[0;32m  OK  [0m] Started udev Kernel Device Manager.
[[0;32m  OK  [0m] Started Dispatch Password Requests to Console Directory Watch.
[[0;32m  OK  [0m] Found device /dev/ttyS0.
[[0;32m  OK  [0m] Listening on Load/Save RF Kill Switch Status /dev/rfkill Watch.
[[0;32m  OK  [0m] Started Monitoring of LVM2 mirrors,...ng dmeventd or progress polling.
[[0;32m  OK  [0m] Found device 82540EM Gigabit Ethern...r (PRO/1000 MT Desktop Adapter).
[[0;32m  OK  [0m] Reached target Local File Systems (Pre).
[[0;32m  OK  [0m] Reached target Local File Systems.
         Starting LSB: AppArmor initialization...
         Starting Set console font and keymap...
         Starting Initial cloud-init job (pre-networking)...
         Starting Tell Plymouth To Write Out Runtime Data...
         Starting Create Volatile Files and Directories...
[[0;32m  OK  [0m] Started Tell Plymouth To Write Out Runtime Data.
[[0;32m  OK  [0m] Started Create Volatile Files and Directories.
         Starting Update UTMP about System Boot/Shutdown...
[[0;32m  OK  [0m] Started Update UTMP about System Boot/Shutdown.
[[0;32m  OK  [0m] Started LSB: AppArmor initialization.
[[0;32m  OK  [0m] Started Set console font and keymap.
[[0;32m  OK  [0m] Created slice system-getty.slice.
[    8.260989] cloud-init[647]: Cloud-init v. 19.2-36-g059d049c-0ubuntu2~16.04.1 running 'init-local' at Fri, 25 Oct 2019 23:02:20 +0000. Up 7.98 seconds.
[[0;32m  OK  [0m] Started Initial cloud-init job (pre-networking).
[[0;32m  OK  [0m] Reached target Network (Pre).
         Starting Raise network interfaces...
[[0;32m  OK  [0m] Started ifup for enp0s3.
[[0;32m  OK  [0m] Started Raise network interfaces.
         Starting Initial cloud-init job (metadata service crawler)...
[[0;32m  OK  [0m] Reached target Network.
[    9.105471] cloud-init[984]: Cloud-init v. 19.2-36-g059d049c-0ubuntu2~16.04.1 running 'init' at Fri, 25 Oct 2019 23:02:21 +0000. Up 8.79 seconds.
[    9.106808] cloud-init[984]: ci-info: ++++++++++++++++++++++++++++++++++++++Net device info++++++++++++++++++++++++++++++++++++++
[    9.113112] cloud-init[984]: ci-info: +--------+------+----------------------------+---------------+--------+-------------------+
[    9.120920] cloud-init[984]: ci-info: | Device |  Up  |          Address           |      Mask     | Scope  |     Hw-Address    |
[    9.122131] cloud-init[984]: ci-info: +--------+------+----------------------------+---------------+--------+-------------------+
[    9.128752] cloud-init[984]: ci-info: | enp0s3 | True |         10.0.2.15          | 255.255.255.0 | global | 02:47:ec:b6:72:35 |
[    9.136567] cloud-init[984]: ci-info: | enp0s3 | True | fe80::47:ecff:feb6:7235/64 |       .       |  link  | 02:47:ec:b6:72:35 |
[    9.144331] cloud-init[984]: ci-info: |   lo   | True |         127.0.0.1          |   255.0.0.0   |  host  |         .         |
[    9.152460] [[0;32m  OK  [0m] Started Initial cloud-init job (metadata service crawler).
cloud-init[984]: ci-info: |   lo   | True |          ::1/128           |       .       |  host  |         .         |
[    9.154357] [[0;32m  OK  [0m] Reached target Network is Online.
cloud-init[984]: ci-info: +--------+------+----------------------------+---------------+--------+-------------------+
[    9.155931] cloud-init[984]: ci-info: +++++++++++++++++++++++++++Route IPv4 info++++++++++++++++++++++++++++
[    9.156896] cloud-init[984]: ci-info: +-------+-------------+----------+---------------+-----------+-------+
[    9.165101] cloud-init[984]: ci-info: | Route | Destination | Gateway  |    Genmask    | Interface | Flags |
[    9.166233] cloud-init[984]: ci-info: +-------+-------------+----------+---------------+-----------+-------+
[    9.172383]          Starting iSCSI initiator daemon (iscsid)...
cloud-init[[984]: [0;32m  OK  [0mci-info: |   0   |   0.0.0.0   | 10.0.2.2 |    0.0.0.0    |   enp0s3  |   UG  |] 
Reached target Cloud-config availability.
[[0;32m  OK  [0m] Reached target System Initialization.
[    9.172868] cloud-init[984]: ci-info: |   1   |   10.0.2.0  | 0.0.0.0  | 255.255.255.0 |   enp0s3  |   U   |
[    9.176024] [cloud-init[0;32m  OK  [0m[984]: ] ci-info: +-------+-------------+----------+---------------+-----------+-------+Started ACPI Events Check.

[    9.176505] [cloud-init[0;32m  OK  [0m[984]: ] ci-info: +++++++++++++++++++Route IPv6 info+++++++++++++++++++Reached target Paths.

[    9.189265] cloud-init[984]: ci-info: +-------+-------------+---------+-----------+-------+
         Starting Socket activation for snappy daemon.
[    9.197222] cloud-init[984]: ci-info: | Route | Destination | Gateway | Interface | Flags |
[    9.205185] cloud-init[984]: ci-info: +-------+-------------+---------+-----------+-------+
[    9.205532] cloud-init[984]: ci-info: |   0   |  fe80::/64  |    ::   |   enp0s3  |   U   |
[    9.205832] cloud-init[984]: ci-info: |   3   |   ff00::/8  |    ::   |   enp0s3  |   U   |
[[0;32m  OK  [0m] Started Daily apt download activities.
[    9.205938] cloud-init[984]: ci-info: +-------+-------------+---------+-----------+-------+
[[0;32m  OK  [0m] Started Daily apt upgrade and clean activities.
[[0;32m  OK  [0m] Listening on UUID daemon activation socket.
[[0;32m  OK  [0m] Started Message of the Day.
         Starting LXD - unix socket.
[[0;32m  OK  [0m] Listening on ACPID Listen Socket.
[[0;32m  OK  [0m] Started Daily Cleanup of Temporary Directories.
[[0;32m  OK  [0m] Reached target Timers.
[[0;32m  OK  [0m] Listening on D-Bus System Message Bus Socket.
[[0;32m  OK  [0m] Listening on Socket activation for snappy daemon.
[[0;32m  OK  [0m] Listening on LXD - unix socket.
[[0;32m  OK  [0m] Started iSCSI initiator daemon (iscsid).
         Starting Login to default iSCSI targets...
[[0;32m  OK  [0m] Reached target Sockets.
[[0;32m  OK  [0m] Reached target Basic System.
         Starting Virtualbox guest utils...
[[0;32m  OK  [0m] Started ACPI event daemon.
[[0;32m  OK  [0m] Started Deferred execution scheduler.
         Starting LXD - container startup/shutdown...
         Starting Login Service...
         Starting /etc/rc.local Compatibility...
         Starting LSB: Record successful boot for GRUB...
         Starting OpenBSD Secure Shell server...
         Starting Accounts Service...
         Starting LSB: MD monitoring daemon...
[[0;32m  OK  [0m] Started D-Bus System Message Bus.
[[0;32m  OK  [0m] Started FUSE filesystem for LXC.
         Starting System Logging Service...
[[0;32m  OK  [0m] Started Regular background program processing daemon.
         Starting Snappy daemon...
[[0;32m  OK  [0m] Started /etc/rc.local Compatibility.
[[0;32m  OK  [0m] Started System Logging Service.
[[0;32m  OK  [0m] Started OpenBSD Secure Shell server.
[[0;32m  OK  [0m] Started Login to default iSCSI targets.
[[0;32m  OK  [0m] Started LXD - container startup/shutdown.
[[0;32m  OK  [0m] Started LSB: MD monitoring daemon.
[[0;32m  OK  [0m] Started Virtualbox guest utils.
[[0;32m  OK  [0m] Started LSB: Record successful boot for GRUB.
[[0;32m  OK  [0m] Started Login Service.
[[0;32m  OK  [0m] Started Unattended Upgrades Shutdown.
         Starting Authenticate and Authorize Users to Run Privileged Tasks...
[[0;32m  OK  [0m] Reached target Remote File Systems (Pre).
[[0;32m  OK  [0m] Reached target Remote File Systems.
         Starting LSB: automatic crash report generation...
         Starting LSB: VirtualBox Linux kernel module...
         Starting LSB: daemon to balance interrupts for SMP systems...
         Starting LSB: Set the CPU Frequency Scaling governor to "ondemand"...
         Starting Permit User Sessions...
[[0;32m  OK  [0m] Started Authenticate and Authorize Users to Run Privileged Tasks.
[[0;32m  OK  [0m] Started Snappy daemon.
[[0;32m  OK  [0m] Started Permit User Sessions.
[[0;32m  OK  [0m] Started Accounts Service.
[[0;32m  OK  [0m] Started LSB: automatic crash report generation.
         Starting Terminate Plymouth Boot Screen...
         Starting Hold until boot process finishes up...
         Starting Wait until snapd is fully seeded...
[[0;32m  OK  [0m] Started LSB: VirtualBox Linux kernel module.
[[0;32m  OK  [0m] Started LSB: daemon to balance interrupts for SMP systems.
[[0;32m  OK  [0m] Started LSB: Set the CPU Frequency Scaling governor to "ondemand".
[[0;32m  OK  [0m] Started Terminate Plymouth Boot Screen.
[[0;32m  OK  [0m] Started Hold until boot process finishes up.
[[0;32m  OK  [0m] Started Wait until snapd is fully seeded.
         Starting Apply the settings specified in cloud-config...
[[0;32m  OK  [0m] Started Getty on tty1.
         Starting Set console scheme...
[[0;32m  OK  [0m] Started Serial Getty on ttyS0.
[[0;32m  OK  [0m] Reached target Login Prompts.
[[0;32m  OK  [0m] Reached target Multi-User System.
[[0;32m  OK  [0m] Reached target Graphical Interface.
         Starting Update UTMP about System Runlevel Changes...
[[0;32m  OK  [0m] Started Set console scheme.
[[0;32m  OK  [0m] Started Update UTMP about System Runlevel Changes.
[   10.311257] cloud-init[1271]: Cloud-init v. 19.2-36-g059d049c-0ubuntu2~16.04.1 running 'modules:config' at Fri, 25 Oct 2019 23:02:22 +0000. Up 10.19 seconds.
[[0;32m  OK  [0m] Started Apply the settings specified in cloud-config.
         Starting Execute cloud user/final scripts...
[   10.844706] cloud-init[1291]: Cloud-init v. 19.2-36-g059d049c-0ubuntu2~16.04.1 running 'modules:final' at Fri, 25 Oct 2019 23:02:23 +0000. Up 10.71 seconds.
[   10.846034] cloud-init[1291]: Cloud-init v. 19.2-36-g059d049c-0ubuntu2~16.04.1 finished at Fri, 25 Oct 2019 23:02:23 +0000. Datasource DataSourceNoCloud [seed=/dev/sdb][dsmode=net].  Up 10.83 seconds
[[0;32m  OK  [0m] Started Execute cloud user/final scripts.
[[0;32m  OK  [0m] Reached target Cloud-init target.

Ubuntu 16.04.6 LTS ubuntu-xenial ttyS0

ubuntu-xenial login:          Stopping ACPI event daemon...
[[0;32m  OK  [0m] Stopped target Cloud-init target.
[[0;32m  OK  [0m] Stopped Execute cloud user/final scripts.
[[0;32m  OK  [0m] Stopped Apply the settings specified in cloud-config.
         Stopping Authenticate and Authorize Users to Run Privileged Tasks...
         Stopping User Manager for UID 1000...
         Stopping Session 1 of user vagrant.
[[0;32m  OK  [0m] Stopped target Cloud-config availability.
[[0;32m  OK  [0m] Closed Load/Save RF Kill Switch Status /dev/rfkill Watch.
[[0;32m  OK  [0m] Stopped target Timers.
[[0;32m  OK  [0m] Stopped Daily apt upgrade and clean activities.
[[0;32m  OK  [0m] Stopped Daily Cleanup of Temporary Directories.
[[0;32m  OK  [0m] Stopped Daily apt download activities.
[[0;32m  OK  [0m] Stopped target Graphical Interface.
         Stopping Accounts Service...
[[0;32m  OK  [0m] Stopped target Multi-User System.
         Stopping LSB: Set the CPU Frequency Scaling governor to "ondemand"...
         Stopping FUSE filesystem for LXC...
         Stopping OpenBSD Secure Shell server...
         Stopping LSB: automatic crash report generation...
         Stopping Virtualbox guest utils...
         Stopping LXD - container startup/shutdown...
         Stopping Unattended Upgrades Shutdown...
[[0;32m  OK  [0m] Stopped Wait until snapd is fully seeded.
[[0;32m  OK  [0m] Stopped target Login Prompts.
         Stopping Getty on tty1...
         Stopping Serial Getty on ttyS0...
         Stopping D-Bus System Message Bus...
         Stopping Regular background program processing daemon...
         Stopping LSB: MD monitoring daemon...
         Stopping LSB: VirtualBox Linux kernel module...
         Stopping LSB: Record successful boot for GRUB...
         Stopping LSB: daemon to balance interrupts for SMP systems...
         Stopping System Logging Service...
         Stopping Deferred execution scheduler...
[[0;32m  OK  [0m] Stopped Message of the Day.
[[0;32m  OK  [0m] Stopped target System Time Synchronized.
[[0;32m  OK  [0m] Unmounted /var/lib/lxcfs.
[[0;32m  OK  [0m] Stopped ACPI event daemon.
[[0;32m  OK  [0m] Stopped Deferred execution scheduler.
[[0;32m  OK  [0m] Stopped Accounts Service.
[[0;32m  OK  [0m] Stopped System Logging Service.
[[0;32m  OK  [0m] Stopped Regular background program processing daemon.
[[0;32m  OK  [0m] Stopped OpenBSD Secure Shell server.
[[0;32m  OK  [0m] Stopped Unattended Upgrades Shutdown.
[[0;32m  OK  [0m] Stopped Authenticate and Authorize Users to Run Privileged Tasks.
[[0;32m  OK  [0m] Stopped Getty on tty1.
[[0;32m  OK  [0m] Stopped Serial Getty on ttyS0.
[[0;32m  OK  [0m] Stopped User Manager for UID 1000.
[[0;32m  OK  [0m] Stopped Session 1 of user vagrant.
[[0;32m  OK  [0m] Stopped D-Bus System Message Bus.
[[0;32m  OK  [0m] Stopped FUSE filesystem for LXC.
[[0;32m  OK  [0m] Stopped LXD - container startup/shutdown.
[[0;32m  OK  [0m] Stopped LSB: Set the CPU Frequency Scaling governor to "ondemand".
[[0;32m  OK  [0m] Stopped LSB: automatic crash report generation.
[[0;32m  OK  [0m] Stopped Virtualbox guest utils.
[[0;32m  OK  [0m] Stopped LSB: MD monitoring daemon.
[[0;32m  OK  [0m] Stopped LSB: daemon to balance interrupts for SMP systems.
[[0;32m  OK  [0m] Stopped LSB: Record successful boot for GRUB.
[[0;32m  OK  [0m] Removed slice User Slice of vagrant.
[[0;32m  OK  [0m] Removed slice system-serial\x2dgetty.slice.
         Stopping Permit User Sessions...
[[0;32m  OK  [0m] Removed slice system-getty.slice.
[[0;32m  OK  [0m] Stopped /etc/rc.local Compatibility.
         Stopping Login Service...
[[0;32m  OK  [0m] Stopped LSB: VirtualBox Linux kernel module.
[[0;32m  OK  [0m] Stopped Permit User Sessions.
[[0;32m  OK  [0m] Stopped target Remote File Systems.
[[0;32m  OK  [0m] Stopped target Remote File Systems (Pre).
         Stopping Login to default iSCSI targets...
[[0;32m  OK  [0m] Stopped Login Service.
[[0;32m  OK  [0m] Stopped Login to default iSCSI targets.
         Stopping iSCSI initiator daemon (iscsid)...
[[0;32m  OK  [0m] Stopped target User and Group Name Lookups.
[[0;32m  OK  [0m] Stopped target Basic System.
[[0;32m  OK  [0m] Stopped target Slices.
[[0;32m  OK  [0m] Removed slice User and Session Slice.
[[0;32m  OK  [0m] Stopped target Paths.
[[0;32m  OK  [0m] Stopped Forward Password Requests to Wall Directory Watch.
[[0;32m  OK  [0m] Stopped Dispatch Password Requests to Console Directory Watch.
[[0;32m  OK  [0m] Stopped ACPI Events Check.
[[0;32m  OK  [0m] Stopped target Sockets.
[[0;32m  OK  [0m] Closed UUID daemon activation socket.
[[0;32m  OK  [0m] Closed D-Bus System Message Bus Socket.
[[0;32m  OK  [0m] Closed ACPID Listen Socket.
[[0;32m  OK  [0m] Closed Syslog Socket.
[[0;32m  OK  [0m] Closed Socket activation for snappy daemon.
[[0;32m  OK  [0m] Closed LXD - unix socket.
[[0;32m  OK  [0m] Stopped target System Initialization.
         Stopping Load/Save Random Seed...
[[0;32m  OK  [0m] Stopped target Swap.
[[0;32m  OK  [0m] Stopped target Encrypted Volumes.
         Stopping Update UTMP about System Boot/Shutdown...
[[0;32m  OK  [0m] Stopped iSCSI initiator daemon (iscsid).
[[0;32m  OK  [0m] Stopped Load/Save Random Seed.
[[0;32m  OK  [0m] Stopped Update UTMP about System Boot/Shutdown.
[[0;32m  OK  [0m] Stopped Create Volatile Files and Directories.
[[0;32m  OK  [0m] Stopped target Network is Online.
[[0;32m  OK  [0m] Stopped Initial cloud-init job (metadata service crawler).
[[0;32m  OK  [0m] Stopped target Network.
         Stopping Raise network interfaces...
[[0;32m  OK  [0m] Stopped Raise network interfaces.
[[0;32m  OK  [0m] Stopped target Network (Pre).
[[0;32m  OK  [0m] Stopped Initial cloud-init job (pre-networking).
[[0;32m  OK  [0m] Stopped target Local File Systems.
         Unmounting /vagrant...
         Unmounting /run/user/1000...
[[0;32m  OK  [0m] Stopped Apply Kernel Variables.
[[0;32m  OK  [0m] Stopped Load Kernel Modules.
[[0;32m  OK  [0m] Unmounted /vagrant.
[[0;32m  OK  [0m] Unmounted /run/user/1000.
[[0;32m  OK  [0m] Reached target Unmount All Filesystems.
[[0;32m  OK  [0m] Stopped target Local File Systems (Pre).
[[0;32m  OK  [0m] Stopped Create Static Device Nodes in /dev.
[[0;32m  OK  [0m] Stopped Remount Root and Kernel File Systems.
[[0;32m  OK  [0m] Reached target Shutdown.
[   23.111696] reboot: Restarting system
[    0.000000] Initializing cgroup subsys cpuset
[    0.000000] Initializing cgroup subsys cpu
[    0.000000] Initializing cgroup subsys cpuacct
[    0.000000] Linux version 4.4.0-166-generic (buildd@lcy01-amd64-020) (gcc version 5.4.0 20160609 (Ubuntu 5.4.0-6ubuntu1~16.04.10) ) #195-Ubuntu SMP Tue Oct 1 09:35:25 UTC 2019 (Ubuntu 4.4.0-166.195-generic 4.4.194)
[    0.000000] Command line: BOOT_IMAGE=/boot/vmlinuz-4.4.0-166-generic root=UUID=605fab45-7f91-4753-a396-5bb378b9d4cb ro console=tty1 console=ttyS0
[    0.000000] KERNEL supported cpus:
[    0.000000]   Intel GenuineIntel
[    0.000000]   AMD AuthenticAMD
[    0.000000]   Centaur CentaurHauls
[    0.000000] x86/fpu: xstate_offset[2]:  576, xstate_sizes[2]:  256
[    0.000000] x86/fpu: Supporting XSAVE feature 0x01: 'x87 floating point registers'
[    0.000000] x86/fpu: Supporting XSAVE feature 0x02: 'SSE registers'
[    0.000000] x86/fpu: Supporting XSAVE feature 0x04: 'AVX registers'
[    0.000000] x86/fpu: Enabled xstate features 0x7, context size is 832 bytes, using 'standard' format.
[    0.000000] e820: BIOS-provided physical RAM map:
[    0.000000] BIOS-e820: [mem 0x0000000000000000-0x000000000009fbff] usable
[    0.000000] BIOS-e820: [mem 0x000000000009fc00-0x000000000009ffff] reserved
[    0.000000] BIOS-e820: [mem 0x00000000000f0000-0x00000000000fffff] reserved
[    0.000000] BIOS-e820: [mem 0x0000000000100000-0x00000000dffeffff] usable
[    0.000000] BIOS-e820: [mem 0x00000000dfff0000-0x00000000dfffffff] ACPI data
[    0.000000] BIOS-e820: [mem 0x00000000fec00000-0x00000000fec00fff] reserved
[    0.000000] BIOS-e820: [mem 0x00000000fee00000-0x00000000fee00fff] reserved
[    0.000000] BIOS-e820: [mem 0x00000000fffc0000-0x00000000ffffffff] reserved
[    0.000000] BIOS-e820: [mem 0x0000000100000000-0x000000019fffffff] usable
[    0.000000] NX (Execute Disable) protection: active
[    0.000000] SMBIOS 2.5 present.
[    0.000000] Hypervisor detected: KVM
[    0.000000] e820: last_pfn = 0x1a0000 max_arch_pfn = 0x400000000
[    0.000000] MTRR: Disabled
[    0.000000] x86/PAT: MTRRs disabled, skipping PAT initialization too.
[    0.000000] CPU MTRRs all blank - virtualized system.
[    0.000000] x86/PAT: Configuration [0-7]: WB  WT  UC- UC  WB  WT  UC- UC  
[    0.000000] e820: last_pfn = 0xdfff0 max_arch_pfn = 0x400000000
[    0.000000] Scanning 1 areas for low memory corruption
[    0.000000] RAMDISK: [mem 0x361e0000-0x370e7fff]
[    0.000000] ACPI: Early table checksum verification disabled
[    0.000000] ACPI: RSDP 0x00000000000E0000 000024 (v02 VBOX  )
[    0.000000] ACPI: XSDT 0x00000000DFFF0030 00003C (v01 VBOX   VBOXXSDT 00000001 ASL  00000061)
[    0.000000] ACPI: FACP 0x00000000DFFF00F0 0000F4 (v04 VBOX   VBOXFACP 00000001 ASL  00000061)
[    0.000000] ACPI: DSDT 0x00000000DFFF0470 0022EA (v02 VBOX   VBOXBIOS 00000002 INTL 20100528)
[    0.000000] ACPI: FACS 0x00000000DFFF0200 000040
[    0.000000] ACPI: FACS 0x00000000DFFF0200 000040
[    0.000000] ACPI: APIC 0x00000000DFFF0240 00005C (v02 VBOX   VBOXAPIC 00000001 ASL  00000061)
[    0.000000] ACPI: SSDT 0x00000000DFFF02A0 0001CC (v01 VBOX   VBOXCPUT 00000002 INTL 20100528)
[    0.000000] No NUMA configuration found
[    0.000000] Faking a node at [mem 0x0000000000000000-0x000000019fffffff]
[    0.000000] NODE_DATA(0) allocated [mem 0x19fff7000-0x19fffbfff]
[    0.000000] kvm-clock: Using msrs 4b564d01 and 4b564d00
[    0.000000] kvm-clock: cpu 0, msr 1:9ffef001, primary cpu clock
[    0.000000] kvm-clock: using sched offset of 30024680740 cycles
[    0.000000] clocksource: kvm-clock: mask: 0xffffffffffffffff max_cycles: 0x1cd42e4dffb, max_idle_ns: 881590591483 ns
[    0.000000] Zone ranges:
[    0.000000]   DMA      [mem 0x0000000000001000-0x0000000000ffffff]
[    0.000000]   DMA32    [mem 0x0000000001000000-0x00000000ffffffff]
[    0.000000]   Normal   [mem 0x0000000100000000-0x000000019fffffff]
[    0.000000]   Device   empty
[    0.000000] Movable zone start for each node
[    0.000000] Early memory node ranges
[    0.000000]   node   0: [mem 0x0000000000001000-0x000000000009efff]
[    0.000000]   node   0: [mem 0x0000000000100000-0x00000000dffeffff]
[    0.000000]   node   0: [mem 0x0000000100000000-0x000000019fffffff]
[    0.000000] Initmem setup node 0 [mem 0x0000000000001000-0x000000019fffffff]
[    0.000000] ACPI: PM-Timer IO Port: 0x4008
[    0.000000] IOAPIC[0]: apic_id 2, version 32, address 0xfec00000, GSI 0-23
[    0.000000] ACPI: INT_SRC_OVR (bus 0 bus_irq 0 global_irq 2 dfl dfl)
[    0.000000] ACPI: INT_SRC_OVR (bus 0 bus_irq 9 global_irq 9 low level)
[    0.000000] Using ACPI (MADT) for SMP configuration information
[    0.000000] smpboot: Allowing 2 CPUs, 0 hotplug CPUs
[    0.000000] PM: Registered nosave memory: [mem 0x00000000-0x00000fff]
[    0.000000] PM: Registered nosave memory: [mem 0x0009f000-0x0009ffff]
[    0.000000] PM: Registered nosave memory: [mem 0x000a0000-0x000effff]
[    0.000000] PM: Registered nosave memory: [mem 0x000f0000-0x000fffff]
[    0.000000] PM: Registered nosave memory: [mem 0xdfff0000-0xdfffffff]
[    0.000000] PM: Registered nosave memory: [mem 0xe0000000-0xfebfffff]
[    0.000000] PM: Registered nosave memory: [mem 0xfec00000-0xfec00fff]
[    0.000000] PM: Registered nosave memory: [mem 0xfec01000-0xfedfffff]
[    0.000000] PM: Registered nosave memory: [mem 0xfee00000-0xfee00fff]
[    0.000000] PM: Registered nosave memory: [mem 0xfee01000-0xfffbffff]
[    0.000000] PM: Registered nosave memory: [mem 0xfffc0000-0xffffffff]
[    0.000000] e820: [mem 0xe0000000-0xfebfffff] available for PCI devices
[    0.000000] Booting paravirtualized kernel on KVM
[    0.000000] clocksource: refined-jiffies: mask: 0xffffffff max_cycles: 0xffffffff, max_idle_ns: 7645519600211568 ns
[    0.000000] setup_percpu: NR_CPUS:512 nr_cpumask_bits:512 nr_cpu_ids:2 nr_node_ids:1
[    0.000000] PERCPU: Embedded 34 pages/cpu @ffff88019fc00000 s99544 r8192 d31528 u1048576
[    0.000000] Built 1 zonelists in Node order, mobility grouping on.  Total pages: 1548152
[    0.000000] Policy zone: Normal
[    0.000000] Kernel command line: BOOT_IMAGE=/boot/vmlinuz-4.4.0-166-generic root=UUID=605fab45-7f91-4753-a396-5bb378b9d4cb ro console=tty1 console=ttyS0
[    0.000000] PID hash table entries: 4096 (order: 3, 32768 bytes)
[    0.000000] Memory: 6092052K/6291000K available (8623K kernel code, 1336K rwdata, 4036K rodata, 1488K init, 1288K bss, 198948K reserved, 0K cma-reserved)
[    0.000000] SLUB: HWalign=64, Order=0-3, MinObjects=0, CPUs=2, Nodes=1
[    0.000000] Kernel/User page tables isolation: enabled
[    0.000000] Hierarchical RCU implementation.
[    0.000000] 	Build-time adjustment of leaf fanout to 64.
[    0.000000] 	RCU restricting CPUs from NR_CPUS=512 to nr_cpu_ids=2.
[    0.000000] RCU: Adjusting geometry for rcu_fanout_leaf=64, nr_cpu_ids=2
[    0.000000] NR_IRQS:33024 nr_irqs:440 16
[    0.000000] Console: colour VGA+ 80x25
[    0.000000] console [tty1] enabled
[    0.000000] console [ttyS0] enabled
[    0.000000] tsc: Detected 1991.999 MHz processor
[    0.194186] Calibrating delay loop (skipped) preset value.. 3983.99 BogoMIPS (lpj=7967996)
[    0.196248] pid_max: default: 32768 minimum: 301
[    0.197280] ACPI: Core revision 20150930
[    0.200321] ACPI: 2 ACPI AML tables successfully acquired and loaded
[    0.202014] Security Framework initialized
[    0.202977] Yama: becoming mindful.
[    0.203922] AppArmor: AppArmor initialized
[    0.205368] Dentry cache hash table entries: 1048576 (order: 11, 8388608 bytes)
[    0.208737] Inode-cache hash table entries: 524288 (order: 10, 4194304 bytes)
[    0.210661] Mount-cache hash table entries: 16384 (order: 5, 131072 bytes)
[    0.212086] Mountpoint-cache hash table entries: 16384 (order: 5, 131072 bytes)
[    0.213945] Initializing cgroup subsys io
[    0.214895] Initializing cgroup subsys memory
[    0.216041] Initializing cgroup subsys devices
[    0.216980] Initializing cgroup subsys freezer
[    0.218025] Initializing cgroup subsys net_cls
[    0.219001] Initializing cgroup subsys perf_event
[    0.220138] Initializing cgroup subsys net_prio
[    0.221144] Initializing cgroup subsys hugetlb
[    0.222146] Initializing cgroup subsys pids
[    0.224178] mce: CPU supports 0 MCE banks
[    0.225094] Last level iTLB entries: 4KB 64, 2MB 8, 4MB 8
[    0.226312] Last level dTLB entries: 4KB 64, 2MB 0, 4MB 0, 1GB 4
[    0.227683] Spectre V1 : Mitigation: usercopy/swapgs barriers and __user pointer sanitization
[    0.229590] Spectre V2 : Mitigation: Full generic retpoline
[    0.230783] Spectre V2 : Spectre v2 / SpectreRSB mitigation: Filling RSB on context switch
[    0.232669] Speculative Store Bypass: Vulnerable
[    0.233771] MDS: Vulnerable: Clear CPU buffers attempted, no microcode
[    0.237965] Freeing SMP alternatives memory: 36K
[    0.244685] ftrace: allocating 32296 entries in 127 pages
[    0.302172] smpboot: APIC(0) Converting physical 0 to logical package 0
[    0.303580] smpboot: Max logical packages: 1
[    0.304900] x2apic enabled
[    0.305945] Switched APIC routing to physical x2apic.
[    0.308249] ..TIMER: vector=0x30 apic1=0 pin1=2 apic2=-1 pin2=-1
[    0.417572] smpboot: CPU0: Intel(R) Core(TM) i7-8550U CPU @ 1.80GHz (family: 0x6, model: 0x8e, stepping: 0xa)
[    0.420156] Performance Events: unsupported p6 CPU model 142 no PMU driver, software events only.
[    0.430826] KVM setup paravirtual spinlock
[    0.432364] x86: Booting SMP configuration:
[    0.433543] .... node  #0, CPUs:      #1
[    0.434583] kvm-clock: cpu 1, msr 1:9ffef041, secondary cpu clock
[    0.437115] mce: CPU supports 0 MCE banks
[    0.439746] x86: Booted up 1 node, 2 CPUs
[    0.440948] smpboot: Total of 2 processors activated (7967.99 BogoMIPS)
[    0.442911] devtmpfs: initialized
[    0.445642] evm: security.selinux
[    0.446464] evm: security.SMACK64
[    0.447467] evm: security.SMACK64EXEC
[    0.448525] evm: security.SMACK64TRANSMUTE
[    0.449484] evm: security.SMACK64MMAP
[    0.450377] evm: security.ima
[    0.451097] evm: security.capability
[    0.452224] clocksource: jiffies: mask: 0xffffffff max_cycles: 0xffffffff, max_idle_ns: 7645041785100000 ns
[    0.454268] futex hash table entries: 512 (order: 3, 32768 bytes)
[    0.455733] pinctrl core: initialized pinctrl subsystem
[    0.456903] RTC time: 23:02:39, date: 10/25/19
[    0.458137] NET: Registered protocol family 16
[    0.470529] cpuidle: using governor ladder
[    0.485222] cpuidle: using governor menu
[    0.486275] PCCT header not found.
[    0.487378] ACPI: bus type PCI registered
[    0.488370] acpiphp: ACPI Hot Plug PCI Controller Driver version: 0.5
[    0.489786] PCI: Using configuration type 1 for base access
[    0.504258] ACPI: Added _OSI(Module Device)
[    0.505212] ACPI: Added _OSI(Processor Device)
[    0.506404] ACPI: Added _OSI(3.0 _SCP Extensions)
[    0.507447] ACPI: Added _OSI(Processor Aggregator Device)
[    0.509352] ACPI: Executed 1 blocks of module-level executable AML code
[    0.513056] ACPI: Interpreter enabled
[    0.513991] ACPI: (supports S0 S5)
[    0.514818] ACPI: Using IOAPIC for interrupt routing
[    0.516029] PCI: Using host bridge windows from ACPI; if necessary, use "pci=nocrs" and report a bug
[    0.521403] ACPI: PCI Root Bridge [PCI0] (domain 0000 [bus 00-ff])
[    0.522722] acpi PNP0A03:00: _OSC: OS supports [ASPM ClockPM Segments MSI]
[    0.524342] acpi PNP0A03:00: _OSC: not requesting OS control; OS requires [ExtendedConfig ASPM ClockPM MSI]
[    0.526341] acpi PNP0A03:00: fail to add MMCONFIG information, can't access extended PCI configuration space under this bridge.
[    0.528957] PCI host bridge to bus 0000:00
[    0.529941] pci_bus 0000:00: root bus resource [io  0x0000-0x0cf7 window]
[    0.543197] pci_bus 0000:00: root bus resource [io  0x0d00-0xffff window]
[    0.544768] pci_bus 0000:00: root bus resource [mem 0x000a0000-0x000bffff window]
[    0.546443] pci_bus 0000:00: root bus resource [mem 0xe0000000-0xfdffffff window]
[    0.548118] pci_bus 0000:00: root bus resource [bus 00-ff]
[    0.551128] pci 0000:00:01.1: legacy IDE quirk: reg 0x10: [io  0x01f0-0x01f7]
[    0.552604] pci 0000:00:01.1: legacy IDE quirk: reg 0x14: [io  0x03f6]
[    0.554016] pci 0000:00:01.1: legacy IDE quirk: reg 0x18: [io  0x0170-0x0177]
[    0.555451] pci 0000:00:01.1: legacy IDE quirk: reg 0x1c: [io  0x0376]
[    0.603775] pci 0000:00:07.0: quirk: [io  0x4000-0x403f] claimed by PIIX4 ACPI
[    0.605760] pci 0000:00:07.0: quirk: [io  0x4100-0x410f] claimed by PIIX4 SMB
[    0.629936] ACPI: PCI Interrupt Link [LNKA] (IRQs 5 9 10 *11)
[    0.631855] ACPI: PCI Interrupt Link [LNKB] (IRQs 5 9 *10 11)
[    0.633820] ACPI: PCI Interrupt Link [LNKC] (IRQs 5 *9 10 11)
[    0.635805] ACPI: PCI Interrupt Link [LNKD] (IRQs 5 9 10 *11)
[    0.638087] ACPI: Enabled 2 GPEs in block 00 to 07
[    0.639955] vgaarb: setting as boot device: PCI:0000:00:02.0
[    0.641283] vgaarb: device added: PCI:0000:00:02.0,decodes=io+mem,owns=io+mem,locks=none
[    0.643469] vgaarb: loaded
[    0.644228] vgaarb: bridge control possible 0000:00:02.0
[    0.645721] SCSI subsystem initialized
[    0.646837] ACPI: bus type USB registered
[    0.647812] usbcore: registered new interface driver usbfs
[    0.649376] usbcore: registered new interface driver hub
[    0.650675] usbcore: registered new device driver usb
[    0.652317] PCI: Using ACPI for IRQ routing
[    0.653720] NetLabel: Initializing
[    0.654716] NetLabel:  domain hash size = 128
[    0.655746] NetLabel:  protocols = UNLABELED CIPSOv4
[    0.656981] NetLabel:  unlabeled traffic allowed by default
[    0.658432] amd_nb: Cannot enumerate AMD northbridges
[    0.659611] clocksource: Switched to clocksource kvm-clock
[    0.666683] AppArmor: AppArmor Filesystem Enabled
[    0.667875] pnp: PnP ACPI init
[    0.669388] pnp: PnP ACPI: found 3 devices
[    0.681704] clocksource: acpi_pm: mask: 0xffffff max_cycles: 0xffffff, max_idle_ns: 2085701024 ns
[    0.683940] NET: Registered protocol family 2
[    0.685179] TCP established hash table entries: 65536 (order: 7, 524288 bytes)
[    0.687129] TCP bind hash table entries: 65536 (order: 8, 1048576 bytes)
[    0.688587] TCP: Hash tables configured (established 65536 bind 65536)
[    0.689967] UDP hash table entries: 4096 (order: 5, 131072 bytes)
[    0.691181] UDP-Lite hash table entries: 4096 (order: 5, 131072 bytes)
[    0.692729] NET: Registered protocol family 1
[    0.693705] pci 0000:00:00.0: Limiting direct PCI/PCI transfers
[    0.694855] pci 0000:00:01.0: Activating ISA DMA hang workarounds
[    0.696177] Unpacking initramfs...
[    0.856666] Freeing initrd memory: 15392K
[    0.857625] PCI-DMA: Using software bounce buffering for IO (SWIOTLB)
[    0.858964] software IO TLB: mapped [mem 0xdbff0000-0xdfff0000] (64MB)
[    0.860435] clocksource: tsc: mask: 0xffffffffffffffff max_cycles: 0x396d4ffc055, max_idle_ns: 881590662783 ns
[    0.862702] platform rtc_cmos: registered platform RTC device (no PNP device found)
[    0.864597] Scanning for low memory corruption every 60 seconds
[    0.866308] audit: initializing netlink subsys (disabled)
[    0.867475] audit: type=2000 audit(1572044591.141:1): initialized
[    0.869035] Initialise system trusted keyring
[    0.870318] HugeTLB registered 2 MB page size, pre-allocated 0 pages
[    0.872826] zbud: loaded
[    0.873939] VFS: Disk quotas dquot_6.6.0
[    0.874861] VFS: Dquot-cache hash table entries: 512 (order 0, 4096 bytes)
[    0.876552] squashfs: version 4.0 (2009/01/31) Phillip Lougher
[    0.878318] fuse init (API version 7.23)
[    0.879502] Key type big_key registered
[    0.880453] Allocating IMA MOK and blacklist keyrings.
[    0.884294] Key type asymmetric registered
[    0.885340] Asymmetric key parser 'x509' registered
[    0.886490] Block layer SCSI generic (bsg) driver version 0.4 loaded (major 249)
[    0.888326] io scheduler noop registered
[    0.889362] io scheduler deadline registered (default)
[    0.890555] io scheduler cfq registered
[    0.891607] pci_hotplug: PCI Hot Plug PCI Core version: 0.5
[    0.893008] pciehp: PCI Express Hot Plug Controller Driver version: 0.4
[    0.894568] ACPI: AC Adapter [AC] (off-line)
[    0.895585] input: Power Button as /devices/LNXSYSTM:00/LNXPWRBN:00/input/input0
[    0.897472] ACPI: Power Button [PWRF]
[    0.898401] input: Sleep Button as /devices/LNXSYSTM:00/LNXSLPBN:00/input/input1
[    0.900383] ACPI: Sleep Button [SLPF]
[    0.901480] GHES: HEST is not enabled!
[    0.902137] ACPI: Battery Slot [BAT0] (battery present)
[    0.903831] Serial: 8250/16550 driver, 32 ports, IRQ sharing enabled
[    0.925672] 00:02: ttyS0 at I/O 0x3f8 (irq = 4, base_baud = 115200) is a 16550A
[    0.931834] Linux agpgart interface v0.103
[    0.934327] loop: module loaded
[    0.935795] scsi host0: ata_piix
[    0.936786] scsi host1: ata_piix
[    0.937636] ata1: PATA max UDMA/33 cmd 0x1f0 ctl 0x3f6 bmdma 0xd000 irq 14
[    0.938997] ata2: PATA max UDMA/33 cmd 0x170 ctl 0x376 bmdma 0xd008 irq 15
[    0.940627] libphy: Fixed MDIO Bus: probed
[    0.941603] tun: Universal TUN/TAP device driver, 1.6
[    0.942844] tun: (C) 1999-2004 Max Krasnyansky <maxk@qualcomm.com>
[    0.944376] PPP generic driver version 2.4.2
[    0.945466] ehci_hcd: USB 2.0 'Enhanced' Host Controller (EHCI) Driver
[    0.946764] ehci-pci: EHCI PCI platform driver
[    0.947863] ehci-platform: EHCI generic platform driver
[    0.949004] ohci_hcd: USB 1.1 'Open' Host Controller (OHCI) Driver
[    0.950463] ohci-pci: OHCI PCI platform driver
[    0.951454] ohci-platform: OHCI generic platform driver
[    0.952692] uhci_hcd: USB Universal Host Controller Interface driver
[    0.954125] i8042: PNP: PS/2 Controller [PNP0303:PS2K,PNP0f03:PS2M] at 0x60,0x64 irq 1,12
[    0.956681] serio: i8042 KBD port at 0x60,0x64 irq 1
[    0.957985] serio: i8042 AUX port at 0x60,0x64 irq 12
[    0.959360] mousedev: PS/2 mouse device common for all mice
[    0.961228] input: AT Translated Set 2 keyboard as /devices/platform/i8042/serio0/input/input2
[    0.963772] rtc_cmos rtc_cmos: rtc core: registered rtc_cmos as rtc0
[    0.965212] rtc_cmos rtc_cmos: alarms up to one day, 114 bytes nvram
[    0.966670] i2c /dev entries driver
[    0.967589] device-mapper: uevent: version 1.0.3
[    0.968837] device-mapper: ioctl: 4.34.0-ioctl (2015-10-28) initialised: dm-devel@redhat.com
[    0.971057] ledtrig-cpu: registered to indicate activity on CPUs
[    0.972871] NET: Registered protocol family 10
[    0.974066] NET: Registered protocol family 17
[    0.975083] Key type dns_resolver registered
[    0.976880] registered taskstats version 1
[    0.977925] Loading compiled-in X.509 certificates
[    0.979389] Loaded X.509 cert 'Build time autogenerated kernel key: 75bc1b51278a37d3abb49bab6b1b0161a6cc9ec0'
[    0.981626] zswap: loaded using pool lzo/zbud
[    0.984086] Key type trusted registered
[    0.987558] Key type encrypted registered
[    0.988617] AppArmor: AppArmor sha1 policy hashing enabled
[    0.989764] ima: No TPM chip found, activating TPM-bypass!
[    0.990940] ima: Allocated hash algorithm: sha1
[    0.991953] evm: HMAC attrs: 0x1
[    0.993111]   Magic number: 7:307:50
[    0.993949] platform platform-framebuffer.0: hash matches
[    0.995184] rtc_cmos rtc_cmos: setting system clock to 2019-10-25 23:02:40 UTC (1572044560)
[    0.997235] BIOS EDD facility v0.16 2004-Jun-25, 0 devices found
[    0.998434] EDD information not available.
[    1.099341] Freeing unused kernel memory: 1488K
[    1.103859] Write protecting the kernel read-only data: 14336k
[    1.110157] Freeing unused kernel memory: 1604K
[    1.113761] Freeing unused kernel memory: 60K
Loading, please wait...
starting version 229
[    1.133634] random: systemd-udevd: uninitialized urandom read (16 bytes read, 3 bits of entropy available)
[    1.134145] random: udevadm: uninitialized urandom read (16 bytes read, 3 bits of entropy available)
[    1.134160] random: udevadm: uninitialized urandom read (16 bytes read, 3 bits of entropy available)
[    1.140588] random: systemd-udevd: uninitialized urandom read (16 bytes read, 3 bits of entropy available)
[    1.142048] random: udevadm: uninitialized urandom read (16 bytes read, 3 bits of entropy available)
[    1.142082] random: udevadm: uninitialized urandom read (16 bytes read, 3 bits of entropy available)
[    1.142202] random: udevadm: uninitialized urandom read (16 bytes read, 3 bits of entropy available)
[    1.142244] random: udevadm: uninitialized urandom read (16 bytes read, 3 bits of entropy available)
[    1.142286] random: udevadm: uninitialized urandom read (16 bytes read, 3 bits of entropy available)
[    1.142328] random: udevadm: uninitialized urandom read (16 bytes read, 3 bits of entropy available)
[    1.181928] e1000: Intel(R) PRO/1000 Network Driver - version 7.3.21-k8-NAPI
[    1.183265] e1000: Copyright (c) 1999-2006 Intel Corporation.
[    1.197495] Fusion MPT base driver 3.04.20
[    1.198460] Copyright (c) 1999-2008 LSI Corporation
[    1.201371] AVX2 version of gcm_enc/dec engaged.
[    1.202423] AES CTR mode by8 optimization enabled
[    1.207130] Fusion MPT SPI Host driver 3.04.20
[    1.397059] input: ImExPS/2 Generic Explorer Mouse as /devices/platform/i8042/serio1/input/input4
[    1.560606] e1000 0000:00:03.0 eth0: (PCI:33MHz:32-bit) 02:47:ec:b6:72:35
[    1.562685] e1000 0000:00:03.0 eth0: Intel(R) PRO/1000 Network Connection
[    1.565425] mptbase: ioc0: Initiating bringup
[    1.565690] e1000 0000:00:03.0 enp0s3: renamed from eth0
[    1.877593] ioc0: LSI53C1030 A0: Capabilities={Initiator}
[    3.563554] scsi host2: ioc0: LSI53C1030 A0, FwRev=00000000h, Ports=1, MaxQ=256, IRQ=20
[    3.904936] scsi 2:0:0:0: Direct-Access     VBOX     HARDDISK         1.0  PQ: 0 ANSI: 5
[    3.909880] scsi target2:0:0: Beginning Domain Validation
[    3.914108] scsi target2:0:0: Domain Validation skipping write tests
[    3.915511] scsi target2:0:0: Ending Domain Validation
[    3.916842] scsi target2:0:0: asynchronous
[    3.919036] scsi 2:0:1:0: Direct-Access     VBOX     HARDDISK         1.0  PQ: 0 ANSI: 5
[    3.921082] scsi target2:0:1: Beginning Domain Validation
[    3.924716] scsi target2:0:1: Domain Validation skipping write tests
[    3.926095] scsi target2:0:1: Ending Domain Validation
[    3.927294] scsi target2:0:1: asynchronous
[    3.936654] sd 2:0:0:0: [sda] 268435456 512-byte logical blocks: (137 GB/128 GiB)
[    3.938590] sd 2:0:0:0: Attached scsi generic sg0 type 0
[    3.940146] sd 2:0:0:0: [sda] Write Protect is off
[    3.941307] sd 2:0:1:0: Attached scsi generic sg1 type 0
[    3.942558] sd 2:0:1:0: [sdb] 20480 512-byte logical blocks: (10.5 MB/10.0 MiB)
[    3.942751] sd 2:0:0:0: [sda] Incomplete mode parameter data
[    3.942753] sd 2:0:0:0: [sda] Assuming drive cache: write through
[    3.947710] sd 2:0:1:0: [sdb] Write Protect is off
[    3.949021]  sda: sda1
[    3.950197] sd 2:0:1:0: [sdb] Incomplete mode parameter data
[    3.950975] sd 2:0:0:0: [sda] Attached SCSI disk
[    3.952608] sd 2:0:1:0: [sdb] Assuming drive cache: write through
[    3.958949] sd 2:0:1:0: [sdb] Attached SCSI disk
Begin: Loading essential drivers ... [    5.393020] md: linear personality registered for level -1
[    5.396333] md: multipath personality registered for level -4
[    5.399733] md: raid0 personality registered for level 0
[    5.404413] md: raid1 personality registered for level 1
[    5.475627] raid6: sse2x1   gen() 11328 MB/s
[    5.543920] raid6: sse2x1   xor()  9303 MB/s
[    5.612245] raid6: sse2x2   gen() 15922 MB/s
[    5.679624] raid6: sse2x2   xor() 10900 MB/s
[    5.747923] raid6: sse2x4   gen() 18206 MB/s
[    5.815778] raid6: sse2x4   xor() 12281 MB/s
[    5.883631] raid6: avx2x1   gen() 24849 MB/s
[    5.951855] raid6: avx2x2   gen() 29110 MB/s
[    6.020211] raid6: avx2x4   gen() 26724 MB/s
[    6.021842] raid6: using algorithm avx2x2 gen() 29110 MB/s
[    6.023584] raid6: using avx2x2 recovery algorithm
[    6.025899] xor: automatically using best checksumming function:
[    6.063709]    avx       : 26597.000 MB/sec
[    6.066001] async_tx: api initialized (async)
[    6.075644] md: raid6 personality registered for level 6
[    6.076984] md: raid5 personality registered for level 5
[    6.078181] md: raid4 personality registered for level 4
[    6.084867] md: raid10 personality registered for level 10
done.
Begin: Running /scripts/init-premount ... done.
Begin: Mounting root file system ... Begin: Running /scripts/local-top ... done.
Begin: Running /scripts/local-premount ... [    6.112323] Btrfs loaded
Scanning for Btrfs filesystems
done.
Warning: fsck not present, so skipping root file system
[    6.161518] EXT4-fs (sda1): mounted filesystem with ordered data mode. Opts: (null)
done.
Begin: Running /scripts/local-bottom ... done.
Begin: Running /scripts/init-bottom ... done.
[    6.259993] systemd[1]: systemd 229 running in system mode. (+PAM +AUDIT +SELINUX +IMA +APPARMOR +SMACK +SYSVINIT +UTMP +LIBCRYPTSETUP +GCRYPT +GNUTLS +ACL +XZ -LZ4 +SECCOMP +BLKID +ELFUTILS +KMOD -IDN)
[    6.263776] systemd[1]: Detected virtualization oracle.
[    6.264961] systemd[1]: Detected architecture x86-64.

Welcome to [1mUbuntu 16.04.6 LTS[0m!

[    6.273322] systemd[1]: Set hostname to <ubuntu-xenial>.
[    6.409433] systemd[1]: Listening on /dev/initctl Compatibility Named Pipe.
[[0;32m  OK  [0m] Listening on /dev/initctl Compatibility Named Pipe.
[    6.411815] systemd[1]: Created slice User and Session Slice.
[[0;32m  OK  [0m] Created slice User and Session Slice.
[    6.420007] systemd[1]: Listening on udev Control Socket.
[[0;32m  OK  [0m] Listening on udev Control Socket.
[    6.428241] systemd[1]: Created slice System Slice.
[[0;32m  OK  [0m] Created slice System Slice.
[    6.436594] systemd[1]: Created slice system-serial\x2dgetty.slice.
[[0;32m  OK  [0m] Created slice system-serial\x2dgetty.slice.
[    6.444103] systemd[1]: Listening on Device-mapper event daemon FIFOs.
[[0;32m  OK  [0m] Listening on Device-mapper event daemon FIFOs.
[    6.452503] systemd[1]: Set up automount Arbitrary Executable File Formats File System Automount Point.
[[0;32m  OK  [0m] Set up automount Arbitrary Executab...ats File System Automount Point.
[    6.464000] systemd[1]: Listening on udev Kernel Socket.
[[0;32m  OK  [0m] Listening on udev Kernel Socket.
[    6.466237] systemd[1]: Started Forward Password Requests to Wall Directory Watch.
[[0;32m  OK  [0m] Started Forward Password Requests to Wall Directory Watch.
[    6.475984] systemd[1]: Listening on Journal Audit Socket.
[[0;32m  OK  [0m] Listening on Journal Audit Socket.
[    6.478013] systemd[1]: Listening on LVM2 metadata daemon socket.
[[0;32m  OK  [0m] Listening on LVM2 metadata daemon socket.
[    6.488416] systemd[1]: Reached target Encrypted Volumes.
[[0;32m  OK  [0m] Reached target Encrypted Volumes.
[    6.497117] systemd[1]: Listening on Journal Socket (/dev/log).
[[0;32m  OK  [0m] Listening on Journal Socket (/dev/log).
[    6.503902] systemd[1]: Listening on Syslog Socket.
[[0;32m  OK  [0m] Listening on Syslog Socket.
[    6.513274] systemd[1]: Reached target User and Group Name Lookups.
[[0;32m  OK  [0m] Reached target User and Group Name Lookups.
[    6.520711] systemd[1]: Started Trigger resolvconf update for networkd DNS.
[[0;32m  OK  [0m] Started Trigger resolvconf update for networkd DNS.
[    6.523432] systemd[1]: Reached target System Time Synchronized.
[[0;32m  OK  [0m] Reached target System Time Synchronized.
[    6.532067] systemd[1]: Listening on Journal Socket.
[[0;32m  OK  [0m] Listening on Journal Socket.
[    6.551945] systemd[1]: Starting Create list of required static device nodes for the current kernel...
         Starting Create list of required st... nodes for the current kernel...
[    6.560587] systemd[1]: Mounting Huge Pages File System...
         Mounting Huge Pages File System...
[    6.569995] systemd[1]: Starting Journal Service...
         Starting Journal Service...
[    6.572568] systemd[1]: Mounting Debug File System...
         Mounting Debug File System...
[    6.575457] systemd[1]: Starting Nameserver information manager...
         Starting Nameserver information manager...
[    6.578837] systemd[1]: Starting Uncomplicated firewall...
         Starting Uncomplicated firewall...
[    6.582142] systemd[1]: Starting Monitoring of LVM2 mirrors, snapshots etc. using dmeventd or progress polling...
         Starting Monitoring of LVM2 mirrors... dmeventd or progress polling...
[    6.588368] systemd[1]: Starting Load Kernel Modules...
         Starting Load Kernel Modules...
[    6.596851] systemd[1]: Starting Set console keymap...
         Starting Set console keymap...
[    6.599872] systemd[1]: Mounting POSIX Message Queue File System...
         Mounting POSIX Message Queue File System...
[    6.602987] systemd[1]: Reached target Slices.
[[0;32m  OK  [0m] Reached target Slices.
[    6.605486] systemd[1]: Reached target Swap.
[[0;32m  OK  [0m] Reached target Swap.
[    6.607960] systemd[1]: Listening on LVM2 poll daemon socket.
[    6.609548] Loading iSCSI transport class v2.0-870.
[[0;32m  OK  [0m] Listening on LVM2 poll daemon socket.
[    6.611585] systemd[1]: Starting Remount Root and Kernel File Systems...
         Starting Remount Root and Kernel File Systems...
[    6.616268] systemd[1]: Mounted Huge Pages File System.
[[0;32m  OK  [0m] Mounted Huge Pages File System.
[    6.618213] systemd[1]: Mounted Debug File System.
[[0;32m  OK  [0m] Mounted Debug File System.
[    6.620146] systemd[1]: Mounted POSIX Message Queue File System.
[[0;32m  OK  [0m] Mounted POSIX Message Queue File System.
[    6.623551] EXT4-fs (sda1): re-mounted. Opts: (null)
[    6.629120] systemd[1]: Started Journal Service.
[    6.630414] iscsi: registered transport (tcp)
[[0;32m  OK  [0m] Started Journal Service.
[[0;32m  OK  [0m] Started Create list of required sta...ce nodes for the current kernel.
[[0;32m  OK  [0m] Started Uncomplicated firewall.
[[0;32m  OK  [0m] Started Remount Root and Kernel File Systems.
[[0;32m  OK  [0m] Started Nameserver information manager.
[    6.659248] iscsi: registered transport (iser)
[[0;32m  OK  [0m] Started Load Kernel Modules.
[[0;32m  OK  [0m] Started Set console keymap.
         Mounting FUSE Control File System...
         Starting Apply Kernel Variables...
[[0;32m  OK  [0m] Started LVM2 metadata daemon.
         Starting Load/Save Random Seed...
         Starting udev Coldplug all Devices...
         Starting Create Static Device Nodes in /dev...
         Starting Flush Journal to Persistent Storage...
[[0;32m  OK  [0m] Mounted FUSE Control File System.
[[0;32m  OK  [0m] Started Apply Kernel Variables.
[[0;32m  OK  [0m] Started Load/Save Random Seed.
[[0;32m  OK  [0m] Started Create Static Device Nodes in /dev.
[[0;32m  OK  [0m] Started udev Coldplug all Devices.
[[0;32m  OK  [0m] Started Flush Journal to Persistent Storage.
         Starting udev Kernel Device Manager...
[[0;32m  OK  [0m] Started udev Kernel Device Manager.
[[0;32m  OK  [0m] Started Dispatch Password Requests to Console Directory Watch.
[[0;32m  OK  [0m] Found device /dev/ttyS0.
[[0;32m  OK  [0m] Found device 82540EM Gigabit Ethern...r (PRO/1000 MT Desktop Adapter).
[[0;32m  OK  [0m] Listening on Load/Save RF Kill Switch Status /dev/rfkill Watch.
[[0;32m  OK  [0m] Started Monitoring of LVM2 mirrors,...ng dmeventd or progress polling.
[[0;32m  OK  [0m] Reached target Local File Systems (Pre).
[[0;32m  OK  [0m] Reached target Local File Systems.
         Starting Create Volatile Files and Directories...
         Starting Initial cloud-init job (pre-networking)...
         Starting Tell Plymouth To Write Out Runtime Data...
         Starting LSB: AppArmor initialization...
         Starting Set console font and keymap...
[[0;32m  OK  [0m] Started Create Volatile Files and Directories.
[[0;32m  OK  [0m] Started Tell Plymouth To Write Out Runtime Data.
         Starting Update UTMP about System Boot/Shutdown...
[[0;32m  OK  [0m] Started Update UTMP about System Boot/Shutdown.
[[0;32m  OK  [0m] Started LSB: AppArmor initialization.
[[0;32m  OK  [0m] Started Set console font and keymap.
[[0;32m  OK  [0m] Created slice system-getty.slice.
[    8.166394] cloud-init[608]: Cloud-init v. 19.2-36-g059d049c-0ubuntu2~16.04.1 running 'init-local' at Fri, 25 Oct 2019 23:02:47 +0000. Up 7.89 seconds.
[[0;32m  OK  [0m] Started Initial cloud-init job (pre-networking).
[[0;32m  OK  [0m] Reached target Network (Pre).
         Starting Raise network interfaces...
[[0;32m  OK  [0m] Started ifup for enp0s3.
[[0;32m  OK  [0m] Started Raise network interfaces.
[[0;32m  OK  [0m] Reached target Network.
         Starting Initial cloud-init job (metadata service crawler)...
[    9.000072] cloud-init[975]: Cloud-init v. 19.2-36-g059d049c-0ubuntu2~16.04.1 running 'init' at Fri, 25 Oct 2019 23:02:48 +0000. Up 8.70 seconds.
[    9.002072] cloud-init[975]: ci-info: ++++++++++++++++++++++++++++++++++++++Net device info++++++++++++++++++++++++++++++++++++++
[    9.004612] cloud-init[975]: ci-info: +--------+------+----------------------------+---------------+--------+-------------------+
[    9.012566] cloud-init[975]: ci-info: | Device |  Up  |          Address           |      Mask     | Scope  |     Hw-Address    |
[    9.014642] cloud-init[975]: ci-info: +--------+------+----------------------------+---------------+--------+-------------------+
[    9.017595] cloud-init[975]: ci-info: | enp0s3 | True |         10.0.2.15          | 255.255.255.0 | global | 02:47:ec:b6:72:35 |
[    9.019360] cloud-init[975]: ci-info: | enp0s3 | True | fe80::47:ecff:feb6:7235/64 |       .       |  link  | 02:47:ec:b6:72:35 |
[    9.020887] cloud-init[975]: ci-info: |   lo   | True |         127.0.0.1          |   255.0.0.0   |  host  |         .         |
[    9.023035] cloud-init[975]: ci-info: |   lo   | True |          ::1/128           |       .       |  host  |         .         |
[    9.032347] cloud-init[975]: ci-info: +--------+------+----------------------------+---------------+--------+-------------------+
[    9.040358] cloud-init[975]: ci-info: +++++++++++++++++++++++++++Route IPv4 info++++++++++++++++++++++++++++
[[0;32m  OK  [0m] Started Initial cloud-init job (metadata service crawler).
[[0;32m  OK  [0m] Reached target Cloud-config availability.
[[0;32m  OK  [0m] Reached target Network is Online.
[    9.048627] cloud-init[975]: ci-info: +-------+-------------+----------+---------------+-----------+-------+
[    9.053579] cloud-init[975]: ci-info: | Route | Destination | Gateway  |    Genmask    | Interface | Flags |
[    9.054813] cloud-init[975]: ci-info: +-------+-------------+----------+---------------+-----------+-------+
[    9.056200] cloud-init[975]: ci-info: |   0   |   0.0.0.0   | 10.0.2.2 |    0.0.0.0    |   enp0s3  |   UG  |
[    9.057493] cloud-init[975]: ci-info: |   1   |   10.0.2.0  | 0.0.0.0  | 255.255.255.0 |   enp0s3  |   U   |
[    9.058806] cloud-init[975]: ci-info: +-------+-------------+----------+---------------+-----------+-------+
         Starting iSCSI initiator daemon (iscsid)...
[[0;32m  OK  [0m] Reached target System Initialization.[    9.059993] cloud-init[975]: ci-info: +++++++++++++++++++Route IPv6 info+++++++++++++++++++
[    9.061432] cloud-init[975]: ci-info: +-------+-------------+---------+-----------+-------+
[    9.061767] cloud-init[975]: ci-info: | Route | Destination | Gateway | Interface | Flags |
[    9.061899] cloud-init[975]: ci-info: +-------+-------------+---------+-----------+-------+
[    9.062127] cloud-init[975]: ci-info: |   0   |  fe80::/64  |    ::   |   enp0s3  |   U   |
[    9.062350] cloud-init[975]: ci-info: |   3   |   ff00::/8  |    ::   |   enp0s3  |   U   |
[    9.062500] cloud-init[975]: ci-info: +-------+-------------+---------+-----------+-------+

         Starting LXD - unix socket.
[[0;32m  OK  [0m] Started ACPI Events Check.
[[0;32m  OK  [0m] Reached target Paths.
[[0;32m  OK  [0m] Listening on UUID daemon activation socket.
[[0;32m  OK  [0m] Started Message of the Day.
[[0;32m  OK  [0m] Started Daily apt download activities.
[[0;32m  OK  [0m] Started Daily Cleanup of Temporary Directories.
[[0;32m  OK  [0m] Started Daily apt upgrade and clean activities.
[[0;32m  OK  [0m] Reached target Timers.
[[0;32m  OK  [0m] Listening on D-Bus System Message Bus Socket.
         Starting Socket activation for snappy daemon.
[[0;32m  OK  [0m] Listening on ACPID Listen Socket.
[[0;32m  OK  [0m] Listening on LXD - unix socket.
[[0;32m  OK  [0m] Listening on Socket activation for snappy daemon.
[[0;32m  OK  [0m] Started iSCSI initiator daemon (iscsid).
         Starting Login to default iSCSI targets...
[[0;32m  OK  [0m] Reached target Sockets.
[[0;32m  OK  [0m] Reached target Basic System.
         Starting Login Service...
         Starting LXD - container startup/shutdown...
         Starting LSB: Record successful boot for GRUB...
[[0;32m  OK  [0m] Started ACPI event daemon.
         Starting System Logging Service...
         Starting LSB: MD monitoring daemon...
         Starting Accounts Service...
[[0;32m  OK  [0m] Started D-Bus System Message Bus.
         Starting Snappy daemon...
         Starting Virtualbox guest utils...
[[0;32m  OK  [0m] Started Regular background program processing daemon.
         Starting /etc/rc.local Compatibility...
         Starting OpenBSD Secure Shell server...
[[0;32m  OK  [0m] Started Deferred execution scheduler.
[[0;32m  OK  [0m] Started FUSE filesystem for LXC.
[[0;32m  OK  [0m] Started System Logging Service.
[[0;32m  OK  [0m] Started /etc/rc.local Compatibility.
[[0;32m  OK  [0m] Started Login to default iSCSI targets.
[[0;32m  OK  [0m] Started OpenBSD Secure Shell server.
[[0;32m  OK  [0m] Started LSB: Record successful boot for GRUB.
[[0;32m  OK  [0m] Started LXD - container startup/shutdown.
[[0;32m  OK  [0m] Started LSB: MD monitoring daemon.
[[0;32m  OK  [0m] Started Login Service.
[[0;32m  OK  [0m] Started Unattended Upgrades Shutdown.
         Starting Authenticate and Authorize Users to Run Privileged Tasks...
[[0;32m  OK  [0m] Reached target Remote File Systems (Pre).
[[0;32m  OK  [0m] Reached target Remote File Systems.
         Starting LSB: automatic crash report generation...
         Starting LSB: Set the CPU Frequency Scaling governor to "ondemand"...
         Starting Permit User Sessions...
         Starting LSB: VirtualBox Linux kernel module...
         Starting LSB: daemon to balance interrupts for SMP systems...
[[0;32m  OK  [0m] Started Virtualbox guest utils.
[[0;32m  OK  [0m] Started Permit User Sessions.
[[0;32m  OK  [0m] Started Authenticate and Authorize Users to Run Privileged Tasks.
[[0;32m  OK  [0m] Started Snappy daemon.
[[0;32m  OK  [0m] Started Accounts Service.
[[0;32m  OK  [0m] Started LSB: Set the CPU Frequency Scaling governor to "ondemand".
[[0;32m  OK  [0m] Started LSB: automatic crash report generation.
         Starting Wait until snapd is fully seeded...
         Starting Terminate Plymouth Boot Screen...
         Starting Hold until boot process finishes up...
[[0;32m  OK  [0m] Started LSB: daemon to balance interrupts for SMP systems.
[[0;32m  OK  [0m] Started Hold until boot process finishes up.
[[0;32m  OK  [0m] Started Terminate Plymouth Boot Screen.
[[0;32m  OK  [0m] Started Serial Getty on ttyS0.
         Starting Set console scheme...
[[0;32m  OK  [0m] Started Getty on tty1.
[[0;32m  OK  [0m] Reached target Login Prompts.
[[0;32m  OK  [0m] Started Set console scheme.
[[0;32m  OK  [0m] Started Wait until snapd is fully seeded.
         Starting Apply the settings specified in cloud-config...
[[0;32m  OK  [0m] Started LSB: VirtualBox Linux kernel module.
[[0;32m  OK  [0m] Reached target Multi-User System.
[[0;32m  OK  [0m] Reached target Graphical Interface.
         Starting Update UTMP about System Runlevel Changes...
[[0;32m  OK  [0m] Started Update UTMP about System Runlevel Changes.
[    9.921014] cloud-init[1261]: Cloud-init v. 19.2-36-g059d049c-0ubuntu2~16.04.1 running 'modules:config' at Fri, 25 Oct 2019 23:02:49 +0000. Up 9.80 seconds.
[[0;32m  OK  [0m] Started Apply the settings specified in cloud-config.
         Starting Execute cloud user/final scripts...
[   10.473130] cloud-init[1278]: Cloud-init v. 19.2-36-g059d049c-0ubuntu2~16.04.1 running 'modules:final' at Fri, 25 Oct 2019 23:02:50 +0000. Up 10.34 seconds.
[   10.481376] cloud-init[1278]: Cloud-init v. 19.2-36-g059d049c-0ubuntu2~16.04.1 finished at Fri, 25 Oct 2019 23:02:50 +0000. Datasource DataSourceNoCloud [seed=/dev/sdb][dsmode=net].  Up 10.46 seconds
[[0;32m  OK  [0m] Started Execute cloud user/final scripts.
[[0;32m  OK  [0m] Reached target Cloud-init target.

Ubuntu 16.04.6 LTS ubuntu-xenial ttyS0

ubuntu-xenial login: 